--------- beginning of main
12-15 16:17:29.666 26935 26935 I PlaylistsActivity: manual import line=1 initial query="Track Name Album Name Artist Name(s)"
12-15 16:17:30.316 26935 27045 I SearchRepository: search3 response code=200, body={"subsonic-response":{"status":"ok","version":"1.15.0","type":"hifi","serverVersion":"0.19.0","openSubsonic":true,"searchResult3":{"song":[{"id":"314513642","title":"Original Album - Say My Name","album":"7: Anniversary Edition","artist":"David Guetta","duration":199,"coverArt":"392789a7-7937-4ce9-9f1d-79961f90df63","type":"music","isVideo":false,"parent":0,"contentType":"audio/flac","suffix":"flac","artistId":"27343","albumId":"314513635"},{"id":"431975085","title":"Your Name (Album Bonus Track)","album":"Live At First Avenue","artist":"Jovonta Patton","duration":494,"coverArt":"132622ed-2cf9-46d4-b90b-767b51aa3f4e","type":"music","isVideo":false,"parent":0,"contentType":"audio/flac","suffix":"flac","artistId":"7670760","albumId":"431975065"},{"id":"6469433","title":"Say My Name (made fam
12-15 16:17:30.330 26935 26935 I PlaylistsActivity: search returned 100 songs for query="Track Name Album Name Artist Name(s)"
12-15 16:17:31.749 26935 26935 I PlaylistsActivity: manual import line=2 initial query="shut up Positions (Deluxe) Ariana Grande"
12-15 16:17:32.248 26935 27045 I SearchRepository: search3 response code=200, body={"subsonic-response":{"status":"ok","version":"1.15.0","type":"hifi","serverVersion":"0.19.0","openSubsonic":true,"searchResult3":{"song":[{"id":"160351544","title":"shut up","album":"Positions","artist":"Ariana Grande","duration":158,"coverArt":"54075d22-0b23-4835-bf6c-57cdd8b8cfe3","type":"music","isVideo":false,"parent":0,"contentType":"audio/flac","suffix":"flac","artistId":"4332277","albumId":"160351543"},{"id":"198810782","title":"shut up","album":"Positions (Deluxe)","artist":"Ariana Grande","duration":158,"coverArt":"0c6a80f2-002f-41f2-82bd-559e1c072476","type":"music","isVideo":false,"parent":0,"contentType":"audio/flac","suffix":"flac","artistId":"4332277","albumId":"198810781"},{"id":"198811663","title":"shut up","album":"Positions (Deluxe)","artist":"Ariana Grande","duration":1
12-15 16:17:32.249 26935 26935 I PlaylistsActivity: search returned 4 songs for query="shut up Positions (Deluxe) Ariana Grande"
12-15 16:17:33.718 26935 26935 I PlaylistsActivity: manual import line=3 initial query="motive (with Doja Cat) Positions (Deluxe) Ariana Grande;Doja Cat"
12-15 16:17:34.379 26935 27045 I SearchRepository: search3 response code=200, body={"subsonic-response":{"status":"ok","version":"1.15.0","type":"hifi","serverVersion":"0.19.0","openSubsonic":true,"searchResult3":{"song":[{"id":"160351546","title":"motive","album":"Positions","artist":"Ariana Grande","duration":168,"coverArt":"54075d22-0b23-4835-bf6c-57cdd8b8cfe3","type":"music","isVideo":false,"parent":0,"contentType":"audio/flac","suffix":"flac","artistId":"4332277","albumId":"160351543"},{"id":"198810784","title":"motive","album":"Positions (Deluxe)","artist":"Ariana Grande","duration":168,"coverArt":"0c6a80f2-002f-41f2-82bd-559e1c072476","type":"music","isVideo":false,"parent":0,"contentType":"audio/flac","suffix":"flac","artistId":"4332277","albumId":"198810781"},{"id":"198811666","title":"motive","album":"Positions (Deluxe)","artist":"Ariana Grande","duration":168,
12-15 16:17:34.384 26935 26935 I PlaylistsActivity: search returned 4 songs for query="motive (with Doja Cat) Positions (Deluxe) Ariana Grande;Doja Cat"
12-15 16:17:40.254 26935 26935 I PlaylistsActivity: manual import line=4 initial query="just like magic Positions (Deluxe) Ariana Grande"
12-15 16:17:40.865 26935 27045 I SearchRepository: search3 response code=200, body={"subsonic-response":{"status":"ok","version":"1.15.0","type":"hifi","serverVersion":"0.19.0","openSubsonic":true,"searchResult3":{"song":[{"id":"160351547","title":"just like magic","album":"Positions","artist":"Ariana Grande","duration":150,"coverArt":"54075d22-0b23-4835-bf6c-57cdd8b8cfe3","type":"music","isVideo":false,"parent":0,"contentType":"audio/flac","suffix":"flac","artistId":"4332277","albumId":"160351543"},{"id":"198810785","title":"just like magic","album":"Positions (Deluxe)","artist":"Ariana Grande","duration":150,"coverArt":"0c6a80f2-002f-41f2-82bd-559e1c072476","type":"music","isVideo":false,"parent":0,"contentType":"audio/flac","suffix":"flac","artistId":"4332277","albumId":"198810781"},{"id":"198811667","title":"just like magic","album":"Positions (Deluxe)","artist":"Ari
12-15 16:17:40.869 26935 26935 I PlaylistsActivity: search returned 4 songs for query="just like magic Positions (Deluxe) Ariana Grande"
12-15 16:17:41.758 26935 26935 I PlaylistsActivity: manual import line=5 initial query="six thirty Positions (Deluxe) Ariana Grande"
12-15 16:17:42.281 26935 27045 I SearchRepository: search3 response code=200, body={"subsonic-response":{"status":"ok","version":"1.15.0","type":"hifi","serverVersion":"0.19.0","openSubsonic":true,"searchResult3":{"song":[{"id":"160351549","title":"six thirty","album":"Positions","artist":"Ariana Grande","duration":184,"coverArt":"54075d22-0b23-4835-bf6c-57cdd8b8cfe3","type":"music","isVideo":false,"parent":0,"contentType":"audio/flac","suffix":"flac","artistId":"4332277","albumId":"160351543"},{"id":"198810787","title":"six thirty","album":"Positions (Deluxe)","artist":"Ariana Grande","duration":184,"coverArt":"0c6a80f2-002f-41f2-82bd-559e1c072476","type":"music","isVideo":false,"parent":0,"contentType":"audio/flac","suffix":"flac","artistId":"4332277","albumId":"198810781"},{"id":"198811669","title":"six thirty","album":"Positions (Deluxe)","artist":"Ariana Grande","du
12-15 16:17:42.282 26935 26935 I PlaylistsActivity: search returned 5 songs for query="six thirty Positions (Deluxe) Ariana Grande"
12-15 16:17:43.827 26935 26935 I PlaylistsActivity: manual import line=6 initial query="nasty Positions (Deluxe) Ariana Grande"
12-15 16:17:44.451 26935 27045 I SearchRepository: search3 response code=200, body={"subsonic-response":{"status":"ok","version":"1.15.0","type":"hifi","serverVersion":"0.19.0","openSubsonic":true,"searchResult3":{"song":[{"id":"160351555","title":"positions","album":"Positions","artist":"Ariana Grande","duration":172,"coverArt":"54075d22-0b23-4835-bf6c-57cdd8b8cfe3","type":"music","isVideo":false,"parent":0,"contentType":"audio/flac","suffix":"flac","artistId":"4332277","albumId":"160351543"},{"id":"160351552","title":"nasty","album":"Positions","artist":"Ariana Grande","duration":201,"coverArt":"54075d22-0b23-4835-bf6c-57cdd8b8cfe3","type":"music","isVideo":false,"parent":0,"contentType":"audio/flac","suffix":"flac","artistId":"4332277","albumId":"160351543"},{"id":"198810793","title":"positions","album":"Positions (Deluxe)","artist":"Ariana Grande","duration":172,"cov
12-15 16:17:44.455 26935 26935 I PlaylistsActivity: search returned 20 songs for query="nasty Positions (Deluxe) Ariana Grande"
12-15 16:17:58.018 26935 27045 I PlaylistImporter: primary combined query="Track Name Album Name Artist Name(s)"
12-15 16:17:58.693 26935 27043 I SearchRepository: search3 response code=200, body={"subsonic-response":{"status":"ok","version":"1.15.0","type":"hifi","serverVersion":"0.19.0","openSubsonic":true,"searchResult3":{"artist":[{"id":"8977458","name":"illuminati hotties","coverArt":"a26af89c-4cd8-4be4-ae0a-dfd49bd09554"}],"album":[{"id":"367104484","parent":0,"title":"","name":"TIMELESS","isDir":true,"coverArt":"de39cfb0-0fc0-4bbb-8dce-1edbf17f89c5","songCount":0,"duration":3781,"artistId":0,"artist":"KAYTRANADA","year":"2024"},{"id":"458584449","parent":0,"title":"","name":"KPop Demon Hunters (Soundtrack from the Netflix Film / Deluxe Version)","isDir":true,"coverArt":"dd23e138-1f2c-47fb-916a-e1cdff882c88","songCount":0,"duration":6382,"artistId":0,"artist":"KPop Demon Hunters Cast","year":"2025"},{"id":"120497754","parent":0,"title":"","name":"Balance","isDir":true,"coverA
12-15 16:17:58.704 26935 27043 I PlaylistImporter: candidates count=100 for combined="Track Name Album Name Artist Name(s)"
12-15 16:17:58.890 26935 27043 I PlaylistImporter: primary combined query="shut up Positions (Deluxe) Ariana Grande"
12-15 16:17:59.392 26935 27043 I SearchRepository: search3 response code=200, body={"subsonic-response":{"status":"ok","version":"1.15.0","type":"hifi","serverVersion":"0.19.0","openSubsonic":true,"searchResult3":{"artist":[{"id":"4332277","name":"Ariana Grande","coverArt":"1c496bca-2823-4ef3-8ec7-f927d0e3edf7"},{"id":"4332277","name":"Ariana Grande","coverArt":"1c496bca-2823-4ef3-8ec7-f927d0e3edf7"},{"id":"10251336","name":"Leon Thomas","coverArt":"1b6db501-e445-4974-b40d-9cab7774ac6b"},{"id":"6678428","name":"Social House","coverArt":"55ea0fc5-cb3a-4668-a9a6-6490948dfa54"},{"id":"6678428","name":"Social House","coverArt":"55ea0fc5-cb3a-4668-a9a6-6490948dfa54"}],"album":[{"id":"160351543","parent":0,"title":"","name":"Positions","isDir":true,"coverArt":"54075d22-0b23-4835-bf6c-57cdd8b8cfe3","songCount":0,"duration":2474,"artistId":0,"artist":"Ariana Grande","year":"2020
12-15 16:17:59.404 26935 27043 I PlaylistImporter: candidates count=100 for combined="shut up Positions (Deluxe) Ariana Grande"
12-15 16:17:59.581 26935 27043 I PlaylistImporter: primary combined query="motive (with Doja Cat) Positions (Deluxe) Ariana Grande;Doja Cat"
12-15 16:18:00.178 26935 27043 I SearchRepository: search3 response code=200, body={"subsonic-response":{"status":"ok","version":"1.15.0","type":"hifi","serverVersion":"0.19.0","openSubsonic":true,"searchResult3":{"artist":[{"id":"5467779","name":"Doja Cat","coverArt":"c7817c31-0cbf-4d51-a82d-4ceffde326e4"},{"id":"5467779","name":"Doja Cat","coverArt":"c7817c31-0cbf-4d51-a82d-4ceffde326e4"}],"album":[{"id":"160351543","parent":0,"title":"","name":"Positions","isDir":true,"coverArt":"54075d22-0b23-4835-bf6c-57cdd8b8cfe3","songCount":0,"duration":2474,"artistId":0,"artist":"Ariana Grande","year":"2020"},{"id":"174185102","parent":0,"title":"","name":"Positions (Deluxe)","isDir":true,"coverArt":"bbc8951b-58d9-4ad6-806c-0f3a0fdefaba","songCount":0,"duration":3108,"artistId":0,"artist":"Ariana Grande","year":"2020"},{"id":"340300994","parent":0,"title":"","name":"Positions (D
12-15 16:18:00.185 26935 27043 I PlaylistImporter: candidates count=100 for combined="motive (with Doja Cat) Positions (Deluxe) Ariana Grande;Doja Cat"
12-15 16:18:00.301 26935 27043 I PlaylistImporter: primary combined query="just like magic Positions (Deluxe) Ariana Grande"
12-15 16:18:00.836 26935 27043 I SearchRepository: search3 response code=200, body={"subsonic-response":{"status":"ok","version":"1.15.0","type":"hifi","serverVersion":"0.19.0","openSubsonic":true,"searchResult3":{"artist":[{"id":"4332277","name":"Ariana Grande","coverArt":"1c496bca-2823-4ef3-8ec7-f927d0e3edf7"},{"id":"4332277","name":"Ariana Grande","coverArt":"1c496bca-2823-4ef3-8ec7-f927d0e3edf7"},{"id":"6678428","name":"Social House","coverArt":"55ea0fc5-cb3a-4668-a9a6-6490948dfa54"},{"id":"6678428","name":"Social House","coverArt":"55ea0fc5-cb3a-4668-a9a6-6490948dfa54"},{"id":"7272061","name":"NJOMZA","coverArt":"2cc943b7-fa85-4a9d-9c9f-2b1f3f65d868"},{"id":"7272061","name":"NJOMZA","coverArt":"2cc943b7-fa85-4a9d-9c9f-2b1f3f65d868"}],"album":[{"id":"340300994","parent":0,"title":"","name":"Positions (Deluxe Bonus Videos Edition)","isDir":true,"coverArt":"4038a843-a4
12-15 16:18:00.850 26935 27043 I PlaylistImporter: candidates count=100 for combined="just like magic Positions (Deluxe) Ariana Grande"
12-15 16:18:01.060 26935 27043 I PlaylistImporter: primary combined query="six thirty Positions (Deluxe) Ariana Grande"
12-15 16:18:01.635 26935 27043 I SearchRepository: search3 response code=200, body={"subsonic-response":{"status":"ok","version":"1.15.0","type":"hifi","serverVersion":"0.19.0","openSubsonic":true,"searchResult3":{"artist":[{"id":"4332277","name":"Ariana Grande","coverArt":"1c496bca-2823-4ef3-8ec7-f927d0e3edf7"},{"id":"4332277","name":"Ariana Grande","coverArt":"1c496bca-2823-4ef3-8ec7-f927d0e3edf7"},{"id":"5416271","name":"SZA","coverArt":"30b0349b-e229-4099-a1f0-aeeb87ad2dc6"},{"id":"10251336","name":"Leon Thomas","coverArt":"1b6db501-e445-4974-b40d-9cab7774ac6b"},{"id":"10251336","name":"Leon Thomas","coverArt":"1b6db501-e445-4974-b40d-9cab7774ac6b"},{"id":"6678428","name":"Social House","coverArt":"55ea0fc5-cb3a-4668-a9a6-6490948dfa54"},{"id":"6678428","name":"Social House","coverArt":"55ea0fc5-cb3a-4668-a9a6-6490948dfa54"},{"id":"7272061","name":"NJOMZA","coverArt":
12-15 16:18:01.641 26935 27043 I PlaylistImporter: candidates count=100 for combined="six thirty Positions (Deluxe) Ariana Grande"
12-15 16:18:01.797 26935 27043 I PlaylistImporter: primary combined query="nasty Positions (Deluxe) Ariana Grande"
12-15 16:18:02.358 26935 27043 I SearchRepository: search3 response code=200, body={"subsonic-response":{"status":"ok","version":"1.15.0","type":"hifi","serverVersion":"0.19.0","openSubsonic":true,"searchResult3":{"artist":[{"id":"4332277","name":"Ariana Grande","coverArt":"1c496bca-2823-4ef3-8ec7-f927d0e3edf7"},{"id":"4332277","name":"Ariana Grande","coverArt":"1c496bca-2823-4ef3-8ec7-f927d0e3edf7"}],"album":[{"id":"160351543","parent":0,"title":"","name":"Positions","isDir":true,"coverArt":"54075d22-0b23-4835-bf6c-57cdd8b8cfe3","songCount":0,"duration":2474,"artistId":0,"artist":"Ariana Grande","year":"2020"},{"id":"174185102","parent":0,"title":"","name":"Positions (Deluxe)","isDir":true,"coverArt":"bbc8951b-58d9-4ad6-806c-0f3a0fdefaba","songCount":0,"duration":3108,"artistId":0,"artist":"Ariana Grande","year":"2020"},{"id":"340300994","parent":0,"title":"","name":"Po
12-15 16:18:02.363 26935 27043 I PlaylistImporter: candidates count=100 for combined="nasty Positions (Deluxe) Ariana Grande"
12-15 16:18:02.461 26935 27043 I PlaylistImporter: primary combined query="west side Positions (Deluxe) Ariana Grande"
12-15 16:18:02.887 26935 27043 I SearchRepository: search3 response code=200, body={"subsonic-response":{"status":"ok","version":"1.15.0","type":"hifi","serverVersion":"0.19.0","openSubsonic":true,"searchResult3":{"song":[{"id":"160351553","title":"west side","album":"Positions","artist":"Ariana Grande","duration":132,"coverArt":"54075d22-0b23-4835-bf6c-57cdd8b8cfe3","type":"music","isVideo":false,"parent":0,"contentType":"audio/flac","suffix":"flac","artistId":"4332277","albumId":"160351543"},{"id":"198810791","title":"west side","album":"Positions (Deluxe)","artist":"Ariana Grande","duration":132,"coverArt":"0c6a80f2-002f-41f2-82bd-559e1c072476","type":"music","isVideo":false,"parent":0,"contentType":"audio/flac","suffix":"flac","artistId":"4332277","albumId":"198810781"},{"id":"198811673","title":"west side","album":"Positions (Deluxe)","artist":"Ariana Grande","durat
12-15 16:18:02.887 26935 27043 I PlaylistImporter: candidates count=4 for combined="west side Positions (Deluxe) Ariana Grande"
12-15 16:18:02.896 26935 27043 I PlaylistImporter: primary combined query="love language Positions (Deluxe) Ariana Grande"
12-15 16:18:03.370 26935 27043 I SearchRepository: search3 response code=200, body={"subsonic-response":{"status":"ok","version":"1.15.0","type":"hifi","serverVersion":"0.19.0","openSubsonic":true,"searchResult3":{"song":[{"id":"160351554","title":"love language","album":"Positions","artist":"Ariana Grande","duration":180,"coverArt":"54075d22-0b23-4835-bf6c-57cdd8b8cfe3","type":"music","isVideo":false,"parent":0,"contentType":"audio/flac","suffix":"flac","artistId":"4332277","albumId":"160351543"},{"id":"198810792","title":"love language","album":"Positions (Deluxe)","artist":"Ariana Grande","duration":180,"coverArt":"0c6a80f2-002f-41f2-82bd-559e1c072476","type":"music","isVideo":false,"parent":0,"contentType":"audio/flac","suffix":"flac","artistId":"4332277","albumId":"198810781"},{"id":"198811674","title":"love language","album":"Positions (Deluxe)","artist":"Ariana Gr
12-15 16:18:03.370 26935 27043 I PlaylistImporter: candidates count=4 for combined="love language Positions (Deluxe) Ariana Grande"
12-15 16:18:03.380 26935 27043 I PlaylistImporter: primary combined query="positions Positions (Deluxe) Ariana Grande"
12-15 16:18:03.991 26935 27043 I SearchRepository: search3 response code=200, body={"subsonic-response":{"status":"ok","version":"1.15.0","type":"hifi","serverVersion":"0.19.0","openSubsonic":true,"searchResult3":{"album":[{"id":"174185102","parent":0,"title":"","name":"Positions (Deluxe)","isDir":true,"coverArt":"bbc8951b-58d9-4ad6-806c-0f3a0fdefaba","songCount":0,"duration":3108,"artistId":0,"artist":"Ariana Grande","year":"2020"},{"id":"340300994","parent":0,"title":"","name":"Positions (Deluxe Bonus Videos Edition)","isDir":true,"coverArt":"4038a843-a42c-4570-ad23-6b8f29ffa365","songCount":0,"duration":3750,"artistId":0,"artist":"Ariana Grande","year":"2020"}],"song":[{"id":"160351555","title":"positions","album":"Positions","artist":"Ariana Grande","duration":172,"coverArt":"54075d22-0b23-4835-bf6c-57cdd8b8cfe3","type":"music","isVideo":false,"parent":0,"contentType
12-15 16:18:03.993 26935 27043 I PlaylistImporter: candidates count=25 for combined="positions Positions (Deluxe) Ariana Grande"
12-15 16:18:04.046 26935 27043 I PlaylistImporter: primary combined query="obvious Positions (Deluxe) Ariana Grande"
12-15 16:18:04.603 26935 27043 I SearchRepository: search3 response code=200, body={"subsonic-response":{"status":"ok","version":"1.15.0","type":"hifi","serverVersion":"0.19.0","openSubsonic":true,"searchResult3":{"song":[{"id":"160351555","title":"positions","album":"Positions","artist":"Ariana Grande","duration":172,"coverArt":"54075d22-0b23-4835-bf6c-57cdd8b8cfe3","type":"music","isVideo":false,"parent":0,"contentType":"audio/flac","suffix":"flac","artistId":"4332277","albumId":"160351543"},{"id":"160351556","title":"obvious","album":"Positions","artist":"Ariana Grande","duration":147,"coverArt":"54075d22-0b23-4835-bf6c-57cdd8b8cfe3","type":"music","isVideo":false,"parent":0,"contentType":"audio/flac","suffix":"flac","artistId":"4332277","albumId":"160351543"},{"id":"198810793","title":"positions","album":"Positions (Deluxe)","artist":"Ariana Grande","duration":172,"c
12-15 16:18:04.605 26935 27043 I PlaylistImporter: candidates count=20 for combined="obvious Positions (Deluxe) Ariana Grande"
12-15 16:18:04.631 26935 27043 I PlaylistImporter: primary combined query="pov Positions (Deluxe) Ariana Grande"
12-15 16:18:05.124 26935 27043 I SearchRepository: search3 response code=200, body={"subsonic-response":{"status":"ok","version":"1.15.0","type":"hifi","serverVersion":"0.19.0","openSubsonic":true,"searchResult3":{"song":[{"id":"160351555","title":"positions","album":"Positions","artist":"Ariana Grande","duration":172,"coverArt":"54075d22-0b23-4835-bf6c-57cdd8b8cfe3","type":"music","isVideo":false,"parent":0,"contentType":"audio/flac","suffix":"flac","artistId":"4332277","albumId":"160351543"},{"id":"160351557","title":"pov","album":"Positions","artist":"Ariana Grande","duration":202,"coverArt":"54075d22-0b23-4835-bf6c-57cdd8b8cfe3","type":"music","isVideo":false,"parent":0,"contentType":"audio/flac","suffix":"flac","artistId":"4332277","albumId":"160351543"},{"id":"198810793","title":"positions","album":"Positions (Deluxe)","artist":"Ariana Grande","duration":172,"cover
12-15 16:18:05.126 26935 27043 I PlaylistImporter: candidates count=26 for combined="pov Positions (Deluxe) Ariana Grande"
12-15 16:18:05.162 26935 27043 I PlaylistImporter: primary combined query="test drive Positions (Deluxe) Ariana Grande"
12-15 16:18:05.734 26935 27043 I SearchRepository: search3 response code=200, body={"subsonic-response":{"status":"ok","version":"1.15.0","type":"hifi","serverVersion":"0.19.0","openSubsonic":true,"searchResult3":{"song":[{"id":"174185127","title":"test drive","album":"Positions (Deluxe)","artist":"Ariana Grande","duration":122,"coverArt":"bbc8951b-58d9-4ad6-806c-0f3a0fdefaba","type":"music","isVideo":false,"parent":0,"contentType":"audio/flac","suffix":"flac","artistId":"4332277","albumId":"174185102"},{"id":"198810797","title":"test drive","album":"Positions (Deluxe)","artist":"Ariana Grande","duration":122,"coverArt":"0c6a80f2-002f-41f2-82bd-559e1c072476","type":"music","isVideo":false,"parent":0,"contentType":"audio/flac","suffix":"flac","artistId":"4332277","albumId":"198810781"},{"id":"198811679","title":"test drive","album":"Positions (Deluxe)","artist":"Ariana Gr
12-15 16:18:05.735 26935 27043 I PlaylistImporter: candidates count=6 for combined="test drive Positions (Deluxe) Ariana Grande"
12-15 16:18:05.765 26935 27043 I PlaylistImporter: primary combined query="stranger Sailing Soul(s) Jhené Aiko"
12-15 16:18:06.280 26935 27043 I SearchRepository: search3 response code=200, body={"subsonic-response":{"status":"ok","version":"1.15.0","type":"hifi","serverVersion":"0.19.0","openSubsonic":true,"searchResult3":{"song":[{"id":"177443236","title":"stranger","album":"Sailing Soul(s)","artist":"Jhené Aiko","duration":215,"coverArt":"d0feb34e-ba99-4384-ba51-ef790a3e9bf2","type":"music","isVideo":false,"parent":0,"contentType":"audio/flac","suffix":"flac","artistId":"4899960","albumId":"177443225"},{"id":"23339705","title":"WTH","album":"Sail Out","artist":"Jhené Aiko","duration":199,"coverArt":"e14ae099-6bef-4471-a351-8932eec618c4","type":"music","isVideo":false,"parent":0,"contentType":"audio/flac","suffix":"flac","artistId":"4899960","albumId":"23339701"},{"id":"132735877","title":"One Way St.","album":"Chilombo","artist":"Jhené Aiko","duration":174,"coverArt":"9ce56ee8-
12-15 16:18:06.282 26935 27043 I PlaylistImporter: candidates count=23 for combined="stranger Sailing Soul(s) Jhené Aiko"
12-15 16:18:06.309 26935 27043 I PlaylistImporter: primary combined query="hoe (feat. Miguel) Sailing Soul(s) Jhené Aiko;Miguel"
12-15 16:18:06.858 26935 27080 I SearchRepository: search3 response code=200, body={"subsonic-response":{"status":"ok","version":"1.15.0","type":"hifi","serverVersion":"0.19.0","openSubsonic":true,"searchResult3":{}}}
12-15 16:18:06.858 26935 27080 I PlaylistImporter: fallback query title+artist="hoe (feat. Miguel) Jhené Aiko;Miguel"
12-15 16:18:07.576 26935 27080 I SearchRepository: search3 response code=200, body={"subsonic-response":{"status":"ok","version":"1.15.0","type":"hifi","serverVersion":"0.19.0","openSubsonic":true,"searchResult3":{"song":[{"id":"177443237","title":"hoe","album":"Sailing Soul(s)","artist":"Jhené Aiko","duration":218,"coverArt":"d0feb34e-ba99-4384-ba51-ef790a3e9bf2","type":"music","isVideo":false,"parent":0,"contentType":"audio/flac","suffix":"flac","artistId":"4899960","albumId":"177443225"},{"id":"132735876","title":"Happiness Over Everything (H.O.E.)","album":"Chilombo","artist":"Jhené Aiko","duration":188,"coverArt":"9ce56ee8-3e24-4ed4-bb8f-62c0bd80ad48","type":"music","isVideo":false,"parent":0,"contentType":"audio/flac","suffix":"flac","artistId":"4899960","albumId":"132735869"},{"id":"209218833","title":"Happiness Over Everything (H.O.E.)","album":"Chilombo (Deluxe)
12-15 16:18:07.577 26935 27080 I PlaylistImporter: candidates count=9 for combined="hoe (feat. Miguel) Sailing Soul(s) Jhené Aiko;Miguel"
12-15 16:18:07.603 26935 27080 I PlaylistImporter: primary combined query="my mine Sailing Soul(s) Jhené Aiko"
12-15 16:18:08.096 26935 27080 I SearchRepository: search3 response code=200, body={"subsonic-response":{"status":"ok","version":"1.15.0","type":"hifi","serverVersion":"0.19.0","openSubsonic":true,"searchResult3":{}}}
12-15 16:18:08.097 26935 27080 I PlaylistImporter: fallback query title+artist="my mine Jhené Aiko"
12-15 16:18:08.602 26935 27080 I SearchRepository: search3 response code=200, body={"subsonic-response":{"status":"ok","version":"1.15.0","type":"hifi","serverVersion":"0.19.0","openSubsonic":true,"searchResult3":{"artist":[{"id":"4899960","name":"Jhené Aiko","coverArt":"547775b1-f349-4766-8899-3f6bfa87fd0d"},{"id":"4899960","name":"Jhené Aiko","coverArt":"547775b1-f349-4766-8899-3f6bfa87fd0d"},{"id":"6897","name":"Jhené","coverArt":"4e642778-6929-4d5b-b3c1-e6ce3fc119a6"},{"id":"7701006","name":"TWENTY88","coverArt":"6bed59d5-15a3-47ab-a9f4-13271962b175"}],"album":[{"id":"34095718","parent":0,"title":"","name":"Souled Out (Deluxe)","isDir":true,"coverArt":"34348639-f8a5-413e-bc80-1bc315914f52","songCount":0,"duration":3377,"artistId":0,"artist":"Jhené Aiko","year":"2014"},{"id":"23339701","parent":0,"title":"","name":"Sail Out","isDir":true,"coverArt":"e14ae099-6bef-4471
12-15 16:18:08.616 26935 27080 I PlaylistImporter: candidates count=100 for combined="my mine Sailing Soul(s) Jhené Aiko"
12-15 16:18:08.748 26935 27080 I PlaylistImporter: primary combined query="living room flow - Bonus Sailing Soul(s) Jhené Aiko"
12-15 16:18:09.258 26935 27080 I SearchRepository: search3 response code=200, body={"subsonic-response":{"status":"ok","version":"1.15.0","type":"hifi","serverVersion":"0.19.0","openSubsonic":true,"searchResult3":{}}}
12-15 16:18:09.258 26935 27080 I PlaylistImporter: fallback query title+artist="living room flow - Bonus Jhené Aiko"
12-15 16:18:09.722 26935 27080 I SearchRepository: search3 response code=200, body={"subsonic-response":{"status":"ok","version":"1.15.0","type":"hifi","serverVersion":"0.19.0","openSubsonic":true,"searchResult3":{"song":[{"id":"177443263","title":"living room flow","album":"Sailing Soul(s)","artist":"Jhené Aiko","duration":262,"coverArt":"d0feb34e-ba99-4384-ba51-ef790a3e9bf2","type":"music","isVideo":false,"parent":0,"contentType":"audio/flac","suffix":"flac","artistId":"4899960","albumId":"177443225"},{"id":"227208983","title":"living room flow","album":"Sailing Soul(s)","artist":"Jhené Aiko","duration":262,"coverArt":"15e0d6f1-0d7d-4e53-ab01-eedb2914c0bc","type":"music","isVideo":false,"parent":0,"contentType":"audio/flac","suffix":"flac","artistId":"4899960","albumId":"227208969"},{"id":"227209672","title":"living room flow","album":"Sailing Soul(s) (ADM / Revised)",
12-15 16:18:09.723 26935 27080 I PlaylistImporter: candidates count=4 for combined="living room flow - Bonus Sailing Soul(s) Jhené Aiko"
12-15 16:18:09.738 26935 27080 I PlaylistImporter: primary combined query="mirrors - Bonus Sailing Soul(s) Jhené Aiko"
12-15 16:18:10.232 26935 27080 I SearchRepository: search3 response code=200, body={"subsonic-response":{"status":"ok","version":"1.15.0","type":"hifi","serverVersion":"0.19.0","openSubsonic":true,"searchResult3":{}}}
12-15 16:18:10.233 26935 27080 I PlaylistImporter: fallback query title+artist="mirrors - Bonus Jhené Aiko"
12-15 16:18:10.756 26935 27080 I SearchRepository: search3 response code=200, body={"subsonic-response":{"status":"ok","version":"1.15.0","type":"hifi","serverVersion":"0.19.0","openSubsonic":true,"searchResult3":{"artist":[{"id":"4899960","name":"Jhené Aiko","coverArt":"547775b1-f349-4766-8899-3f6bfa87fd0d"},{"id":"4899960","name":"Jhené Aiko","coverArt":"547775b1-f349-4766-8899-3f6bfa87fd0d"},{"id":"6897","name":"Jhené","coverArt":"4e642778-6929-4d5b-b3c1-e6ce3fc119a6"},{"id":"6897","name":"Jhené","coverArt":"4e642778-6929-4d5b-b3c1-e6ce3fc119a6"},{"id":"7701006","name":"TWENTY88","coverArt":"6bed59d5-15a3-47ab-a9f4-13271962b175"},{"id":"7701006","name":"TWENTY88","coverArt":"6bed59d5-15a3-47ab-a9f4-13271962b175"},{"id":"3678748","name":"Mila J","coverArt":"9242189c-bd13-480e-9083-8e2817531c9a"},{"id":"3678748","name":"Mila J","coverArt":"9242189c-bd13-480e-9083-8e2817
12-15 16:18:10.764 26935 27080 I PlaylistImporter: candidates count=100 for combined="mirrors - Bonus Sailing Soul(s) Jhené Aiko"
12-15 16:18:10.900 26935 27080 I PlaylistImporter: primary combined query="snapped - Bonus Sailing Soul(s) Jhené Aiko"
12-15 16:18:11.342 26935 27080 I SearchRepository: search3 response code=200, body={"subsonic-response":{"status":"ok","version":"1.15.0","type":"hifi","serverVersion":"0.19.0","openSubsonic":true,"searchResult3":{}}}
12-15 16:18:11.342 26935 27080 I PlaylistImporter: fallback query title+artist="snapped - Bonus Jhené Aiko"
12-15 16:18:11.772 26935 27080 I SearchRepository: search3 response code=200, body={"subsonic-response":{"status":"ok","version":"1.15.0","type":"hifi","serverVersion":"0.19.0","openSubsonic":true,"searchResult3":{"song":[{"id":"177443272","title":"snapped","album":"Sailing Soul(s)","artist":"Jhené Aiko","duration":232,"coverArt":"d0feb34e-ba99-4384-ba51-ef790a3e9bf2","type":"music","isVideo":false,"parent":0,"contentType":"audio/flac","suffix":"flac","artistId":"4899960","albumId":"177443225"},{"id":"227208986","title":"snapped","album":"Sailing Soul(s)","artist":"Jhené Aiko","duration":232,"coverArt":"15e0d6f1-0d7d-4e53-ab01-eedb2914c0bc","type":"music","isVideo":false,"parent":0,"contentType":"audio/flac","suffix":"flac","artistId":"4899960","albumId":"227208969"},{"id":"227209675","title":"snapped","album":"Sailing Soul(s) (ADM / Revised)","artist":"Jhené Aiko","dura
12-15 16:18:11.772 26935 27080 I PlaylistImporter: candidates count=3 for combined="snapped - Bonus Sailing Soul(s) Jhené Aiko"
12-15 16:18:11.783 26935 27080 I PlaylistImporter: primary combined query="깨어 (Are You Alive) <ASSEMBLE25> tripleS"
12-15 16:18:12.282 26935 27080 I SearchRepository: search3 response code=200, body={"subsonic-response":{"status":"ok","version":"1.15.0","type":"hifi","serverVersion":"0.19.0","openSubsonic":true,"searchResult3":{"song":[{"id":"431380533","title":"깨어 (Are You Alive)","album":"\u003cASSEMBLE25\u003e","artist":"tripleS","duration":187,"coverArt":"392fed18-1fb5-484b-afad-dbc2aceefe90","type":"music","isVideo":false,"parent":0,"contentType":"audio/flac","suffix":"flac","artistId":"35354877","albumId":"431380531"},{"id":"435117856","title":"Are You Alive","album":"\u003cASSEMBLE25\u003e","artist":"tripleS","duration":187,"coverArt":"06820d24-aeab-4ac0-9a7f-68b2da18ce68","type":"music","isVideo":false,"parent":0,"contentType":"audio/flac","suffix":"flac","artistId":"35354877","albumId":"435117854"},{"id":"445361593","title":"깨어 (Are You Alive) (MR)","album":"MR 콜렉션 Vol.40 (20
12-15 16:18:12.283 26935 27080 I PlaylistImporter: candidates count=7 for combined="깨어 (Are You Alive) <ASSEMBLE25> tripleS"
12-15 16:18:12.317 26935 27080 I PlaylistImporter: primary combined query="추리소설 (Detective Soseol) <ASSEMBLE25> tripleS"
12-15 16:18:12.823 26935 27045 I SearchRepository: search3 response code=200, body={"subsonic-response":{"status":"ok","version":"1.15.0","type":"hifi","serverVersion":"0.19.0","openSubsonic":true,"searchResult3":{"song":[{"id":"431380534","title":"추리소설 (Detective Soseol)","album":"\u003cASSEMBLE25\u003e","artist":"tripleS","duration":200,"coverArt":"392fed18-1fb5-484b-afad-dbc2aceefe90","type":"music","isVideo":false,"parent":0,"contentType":"audio/flac","suffix":"flac","artistId":"35354877","albumId":"431380531"},{"id":"435117857","title":"Detective Soseol","album":"\u003cASSEMBLE25\u003e","artist":"tripleS","duration":200,"coverArt":"06820d24-aeab-4ac0-9a7f-68b2da18ce68","type":"music","isVideo":false,"parent":0,"contentType":"audio/flac","suffix":"flac","artistId":"35354877","albumId":"435117854"}]}}}
12-15 16:18:12.825 26935 27045 I PlaylistImporter: candidates count=2 for combined="추리소설 (Detective Soseol) <ASSEMBLE25> tripleS"
12-15 16:18:12.847 26935 27045 I PlaylistImporter: primary combined query="어제 우리 불꽃놀이 (Firework Diary) <ASSEMBLE25> tripleS"
12-15 16:18:13.248 26935 27045 I SearchRepository: search3 response code=200, body={"subsonic-response":{"status":"ok","version":"1.15.0","type":"hifi","serverVersion":"0.19.0","openSubsonic":true,"searchResult3":{"song":[{"id":"431380535","title":"어제 우리 불꽃놀이 (Firework Diary)","album":"\u003cASSEMBLE25\u003e","artist":"tripleS","duration":189,"coverArt":"392fed18-1fb5-484b-afad-dbc2aceefe90","type":"music","isVideo":false,"parent":0,"contentType":"audio/flac","suffix":"flac","artistId":"35354877","albumId":"431380531"}]}}}
12-15 16:18:13.249 26935 27045 I PlaylistImporter: candidates count=1 for combined="어제 우리 불꽃놀이 (Firework Diary) <ASSEMBLE25> tripleS"
12-15 16:18:13.264 26935 27045 I PlaylistImporter: primary combined query="Persona <ASSEMBLE25> tripleS"
12-15 16:18:13.661 26935 27045 I SearchRepository: search3 response code=200, body={"subsonic-response":{"status":"ok","version":"1.15.0","type":"hifi","serverVersion":"0.19.0","openSubsonic":true,"searchResult3":{"song":[{"id":"431380537","title":"Persona","album":"\u003cASSEMBLE25\u003e","artist":"tripleS","duration":182,"coverArt":"392fed18-1fb5-484b-afad-dbc2aceefe90","type":"music","isVideo":false,"parent":0,"contentType":"audio/flac","suffix":"flac","artistId":"35354877","albumId":"431380531"},{"id":"435117860","title":"Persona","album":"\u003cASSEMBLE25\u003e","artist":"tripleS","duration":182,"coverArt":"06820d24-aeab-4ac0-9a7f-68b2da18ce68","type":"music","isVideo":false,"parent":0,"contentType":"audio/flac","suffix":"flac","artistId":"35354877","albumId":"435117854"}]}}}
12-15 16:18:13.661 26935 27045 I PlaylistImporter: candidates count=2 for combined="Persona <ASSEMBLE25> tripleS"
12-15 16:18:13.673 26935 27045 I PlaylistImporter: primary combined query="Too Hot <ASSEMBLE25> tripleS"
12-15 16:18:14.328 26935 27045 I SearchRepository: search3 response code=200, body={"subsonic-response":{"status":"ok","version":"1.15.0","type":"hifi","serverVersion":"0.19.0","openSubsonic":true,"searchResult3":{"song":[{"id":"431380538","title":"Too Hot","album":"\u003cASSEMBLE25\u003e","artist":"tripleS","duration":201,"coverArt":"392fed18-1fb5-484b-afad-dbc2aceefe90","type":"music","isVideo":false,"parent":0,"contentType":"audio/flac","suffix":"flac","artistId":"35354877","albumId":"431380531"},{"id":"435117861","title":"Too Hot","album":"\u003cASSEMBLE25\u003e","artist":"tripleS","duration":201,"coverArt":"06820d24-aeab-4ac0-9a7f-68b2da18ce68","type":"music","isVideo":false,"parent":0,"contentType":"audio/flac","suffix":"flac","artistId":"35354877","albumId":"435117854"}]}}}
12-15 16:18:14.329 26935 27045 I PlaylistImporter: candidates count=2 for combined="Too Hot <ASSEMBLE25> tripleS"
12-15 16:18:14.342 26935 27045 I PlaylistImporter: primary combined query="intro (end of the world) eternal sunshine deluxe: brighter days ahead Ariana Grande"
12-15 16:18:15.045 26935 27045 I SearchRepository: search3 response code=200, body={"subsonic-response":{"status":"ok","version":"1.15.0","type":"hifi","serverVersion":"0.19.0","openSubsonic":true,"searchResult3":{}}}
12-15 16:18:15.045 26935 27045 I PlaylistImporter: fallback query title+artist="intro (end of the world) Ariana Grande"
12-15 16:18:15.537 26935 27043 I SearchRepository: search3 response code=200, body={"subsonic-response":{"status":"ok","version":"1.15.0","type":"hifi","serverVersion":"0.19.0","openSubsonic":true,"searchResult3":{"artist":[{"id":"4332277","name":"Ariana Grande","coverArt":"1c496bca-2823-4ef3-8ec7-f927d0e3edf7"},{"id":"4332277","name":"Ariana Grande","coverArt":"1c496bca-2823-4ef3-8ec7-f927d0e3edf7"}],"album":[{"id":"349160292","parent":0,"title":"","name":"eternal sunshine","isDir":true,"coverArt":"e6633aea-bd2e-4a48-80c6-2088193d7cf1","songCount":0,"duration":2132,"artistId":0,"artist":"Ariana Grande","year":"2024"},{"id":"427804828","parent":0,"title":"","name":"eternal sunshine deluxe: brighter days ahead (instrumental version)","isDir":true,"coverArt":"59ab61e4-55c5-4f0e-ab06-295fdc2c59ec","songCount":0,"duration":6653,"artistId":0,"artist":"Ariana Grande","year":"2
12-15 16:18:15.551 26935 27043 I PlaylistImporter: candidates count=100 for combined="intro (end of the world) eternal sunshine deluxe: brighter days ahead Ariana Grande"
12-15 16:18:15.702 26935 27043 I PlaylistImporter: primary combined query="we can't be friends (wait for your love) eternal sunshine deluxe: brighter days ahead Ariana Grande"
12-15 16:18:16.535 26935 27043 I SearchRepository: search3 response code=200, body={"subsonic-response":{"status":"ok","version":"1.15.0","type":"hifi","serverVersion":"0.19.0","openSubsonic":true,"searchResult3":{}}}
12-15 16:18:16.535 26935 27043 I PlaylistImporter: fallback query title+artist="we can't be friends (wait for your love) Ariana Grande"
12-15 16:18:17.197 26935 27043 I SearchRepository: search3 response code=200, body={"subsonic-response":{"status":"ok","version":"1.15.0","type":"hifi","serverVersion":"0.19.0","openSubsonic":true,"searchResult3":{"artist":[{"id":"4332277","name":"Ariana Grande","coverArt":"1c496bca-2823-4ef3-8ec7-f927d0e3edf7"},{"id":"4332277","name":"Ariana Grande","coverArt":"1c496bca-2823-4ef3-8ec7-f927d0e3edf7"},{"id":"6678428","name":"Social House","coverArt":"55ea0fc5-cb3a-4668-a9a6-6490948dfa54"},{"id":"6678428","name":"Social House","coverArt":"55ea0fc5-cb3a-4668-a9a6-6490948dfa54"},{"id":"7272061","name":"NJOMZA","coverArt":"2cc943b7-fa85-4a9d-9c9f-2b1f3f65d868"},{"id":"7272061","name":"NJOMZA","coverArt":"2cc943b7-fa85-4a9d-9c9f-2b1f3f65d868"}],"album":[{"id":"375477595","parent":0,"title":"","name":"we can't be friends (wait for your love)","isDir":true,"coverArt":"deb55646-3
12-15 16:18:17.204 26935 27043 I PlaylistImporter: candidates count=100 for combined="we can't be friends (wait for your love) eternal sunshine deluxe: brighter days ahead Ariana Grande"
12-15 16:18:17.327 26935 27043 I PlaylistImporter: primary combined query="imagine thank u, next Ariana Grande"
12-15 16:18:17.783 26935 27043 I SearchRepository: search3 response code=200, body={"subsonic-response":{"status":"ok","version":"1.15.0","type":"hifi","serverVersion":"0.19.0","openSubsonic":true,"searchResult3":{"song":[{"id":"103809886","title":"thank u, next","album":"thank u, next","artist":"Ariana Grande","duration":207,"coverArt":"d9b96686-4e7a-46c1-a755-7964dd7edc13","type":"music","isVideo":false,"parent":0,"contentType":"audio/flac","suffix":"flac","artistId":"4332277","albumId":"103809875"},{"id":"134283174","title":"thank u, next","album":"thank u, next","artist":"Ariana Grande","duration":207,"coverArt":"b2645174-ab92-43c2-83e0-bcb4b5531501","type":"music","isVideo":false,"parent":0,"contentType":"audio/flac","suffix":"flac","artistId":"4332277","albumId":"134283173"},{"id":"126381774","title":"thank u, next","album":"k bye for now (swt live)","artist":"Aria
12-15 16:18:17.784 26935 27043 I PlaylistImporter: candidates count=8 for combined="imagine thank u, next Ariana Grande"
12-15 16:18:17.803 26935 27043 I PlaylistImporter: primary combined query="NASA thank u, next Ariana Grande"
12-15 16:18:18.222 26935 27043 I SearchRepository: search3 response code=200, body={"subsonic-response":{"status":"ok","version":"1.15.0","type":"hifi","serverVersion":"0.19.0","openSubsonic":true,"searchResult3":{"song":[{"id":"103809886","title":"thank u, next","album":"thank u, next","artist":"Ariana Grande","duration":207,"coverArt":"d9b96686-4e7a-46c1-a755-7964dd7edc13","type":"music","isVideo":false,"parent":0,"contentType":"audio/flac","suffix":"flac","artistId":"4332277","albumId":"103809875"},{"id":"134283174","title":"thank u, next","album":"thank u, next","artist":"Ariana Grande","duration":207,"coverArt":"b2645174-ab92-43c2-83e0-bcb4b5531501","type":"music","isVideo":false,"parent":0,"contentType":"audio/flac","suffix":"flac","artistId":"4332277","albumId":"134283173"},{"id":"126381774","title":"thank u, next","album":"k bye for now (swt live)","artist":"Aria
12-15 16:18:18.223 26935 27043 I PlaylistImporter: candidates count=8 for combined="NASA thank u, next Ariana Grande"
12-15 16:18:18.238 26935 27043 I PlaylistImporter: primary combined query="fake smile thank u, next Ariana Grande"
12-15 16:18:18.733 26935 27043 I SearchRepository: search3 response code=200, body={"subsonic-response":{"status":"ok","version":"1.15.0","type":"hifi","serverVersion":"0.19.0","openSubsonic":true,"searchResult3":{"song":[{"id":"103809886","title":"thank u, next","album":"thank u, next","artist":"Ariana Grande","duration":207,"coverArt":"d9b96686-4e7a-46c1-a755-7964dd7edc13","type":"music","isVideo":false,"parent":0,"contentType":"audio/flac","suffix":"flac","artistId":"4332277","albumId":"103809875"},{"id":"134283174","title":"thank u, next","album":"thank u, next","artist":"Ariana Grande","duration":207,"coverArt":"b2645174-ab92-43c2-83e0-bcb4b5531501","type":"music","isVideo":false,"parent":0,"contentType":"audio/flac","suffix":"flac","artistId":"4332277","albumId":"134283173"},{"id":"126381774","title":"thank u, next","album":"k bye for now (swt live)","artist":"Aria
12-15 16:18:18.733 26935 27043 I PlaylistImporter: candidates count=8 for combined="fake smile thank u, next Ariana Grande"
12-15 16:18:18.745 26935 27043 I PlaylistImporter: primary combined query="bad idea thank u, next Ariana Grande"
12-15 16:18:19.245 26935 27043 I SearchRepository: search3 response code=200, body={"subsonic-response":{"status":"ok","version":"1.15.0","type":"hifi","serverVersion":"0.19.0","openSubsonic":true,"searchResult3":{"song":[{"id":"103809886","title":"thank u, next","album":"thank u, next","artist":"Ariana Grande","duration":207,"coverArt":"d9b96686-4e7a-46c1-a755-7964dd7edc13","type":"music","isVideo":false,"parent":0,"contentType":"audio/flac","suffix":"flac","artistId":"4332277","albumId":"103809875"},{"id":"134283174","title":"thank u, next","album":"thank u, next","artist":"Ariana Grande","duration":207,"coverArt":"b2645174-ab92-43c2-83e0-bcb4b5531501","type":"music","isVideo":false,"parent":0,"contentType":"audio/flac","suffix":"flac","artistId":"4332277","albumId":"134283173"},{"id":"126381774","title":"thank u, next","album":"k bye for now (swt live)","artist":"Aria
12-15 16:18:19.246 26935 27043 I PlaylistImporter: candidates count=8 for combined="bad idea thank u, next Ariana Grande"
12-15 16:18:19.260 26935 27043 I PlaylistImporter: primary combined query="ghostin thank u, next Ariana Grande"
12-15 16:18:19.757 26935 27043 I SearchRepository: search3 response code=200, body={"subsonic-response":{"status":"ok","version":"1.15.0","type":"hifi","serverVersion":"0.19.0","openSubsonic":true,"searchResult3":{"song":[{"id":"103809886","title":"thank u, next","album":"thank u, next","artist":"Ariana Grande","duration":207,"coverArt":"d9b96686-4e7a-46c1-a755-7964dd7edc13","type":"music","isVideo":false,"parent":0,"contentType":"audio/flac","suffix":"flac","artistId":"4332277","albumId":"103809875"},{"id":"134283174","title":"thank u, next","album":"thank u, next","artist":"Ariana Grande","duration":207,"coverArt":"b2645174-ab92-43c2-83e0-bcb4b5531501","type":"music","isVideo":false,"parent":0,"contentType":"audio/flac","suffix":"flac","artistId":"4332277","albumId":"134283173"},{"id":"126381774","title":"thank u, next","album":"k bye for now (swt live)","artist":"Aria
12-15 16:18:19.758 26935 27043 I PlaylistImporter: candidates count=8 for combined="ghostin thank u, next Ariana Grande"
12-15 16:18:19.770 26935 27043 I PlaylistImporter: primary combined query="7 rings thank u, next Ariana Grande"
12-15 16:18:20.268 26935 27043 I SearchRepository: search3 response code=200, body={"subsonic-response":{"status":"ok","version":"1.15.0","type":"hifi","serverVersion":"0.19.0","openSubsonic":true,"searchResult3":{"song":[{"id":"103809886","title":"thank u, next","album":"thank u, next","artist":"Ariana Grande","duration":207,"coverArt":"d9b96686-4e7a-46c1-a755-7964dd7edc13","type":"music","isVideo":false,"parent":0,"contentType":"audio/flac","suffix":"flac","artistId":"4332277","albumId":"103809875"},{"id":"134283174","title":"thank u, next","album":"thank u, next","artist":"Ariana Grande","duration":207,"coverArt":"b2645174-ab92-43c2-83e0-bcb4b5531501","type":"music","isVideo":false,"parent":0,"contentType":"audio/flac","suffix":"flac","artistId":"4332277","albumId":"134283173"},{"id":"126381774","title":"thank u, next","album":"k bye for now (swt live)","artist":"Aria
12-15 16:18:20.269 26935 27043 I PlaylistImporter: candidates count=8 for combined="7 rings thank u, next Ariana Grande"
12-15 16:18:20.281 26935 27043 I PlaylistImporter: primary combined query="thank u, next thank u, next Ariana Grande"
12-15 16:18:20.886 26935 27043 I SearchRepository: search3 response code=200, body={"subsonic-response":{"status":"ok","version":"1.15.0","type":"hifi","serverVersion":"0.19.0","openSubsonic":true,"searchResult3":{"album":[{"id":"103809875","parent":0,"title":"","name":"thank u, next","isDir":true,"coverArt":"d9b96686-4e7a-46c1-a755-7964dd7edc13","songCount":0,"duration":2470,"artistId":0,"artist":"Ariana Grande","year":"2019"},{"id":"334426228","parent":0,"title":"","name":"MCP Performs Ariana Grande: Thank U, Next","isDir":true,"coverArt":"4b9d3a05-8763-496d-8b34-8bc4e7f0a601","songCount":0,"duration":2366,"artistId":0,"artist":"Molotov Cocktail Piano","year":"2019"}],"song":[{"id":"103809886","title":"thank u, next","album":"thank u, next","artist":"Ariana Grande","duration":207,"coverArt":"d9b96686-4e7a-46c1-a755-7964dd7edc13","type":"music","isVideo":false,"parent":
12-15 16:18:20.893 26935 27043 I PlaylistImporter: candidates count=100 for combined="thank u, next thank u, next Ariana Grande"
12-15 16:18:20.987 26935 27043 I PlaylistImporter: primary combined query="break up with your girlfriend, i'm bored thank u, next Ariana Grande"
12-15 16:18:21.468 26935 27043 I SearchRepository: search3 response code=200, body={"subsonic-response":{"status":"ok","version":"1.15.0","type":"hifi","serverVersion":"0.19.0","openSubsonic":true,"searchResult3":{"song":[{"id":"103809887","title":"break up with your girlfriend, i'm bored","album":"thank u, next","artist":"Ariana Grande","duration":190,"coverArt":"d9b96686-4e7a-46c1-a755-7964dd7edc13","type":"music","isVideo":false,"parent":0,"contentType":"audio/flac","suffix":"flac","artistId":"4332277","albumId":"103809875"},{"id":"125154896","title":"break up with your girlfriend, i'm bored","album":"break up with your girlfriend, i'm bored","artist":"Ariana Grande","duration":191,"coverArt":"9f5526bd-7ee9-40aa-85e6-9f4e452a5185","type":"music","isVideo":false,"parent":0,"contentType":"audio/flac","suffix":"flac","artistId":"4332277","albumId":"125154895"},{"id":"126
12-15 16:18:21.470 26935 27043 I PlaylistImporter: candidates count=8 for combined="break up with your girlfriend, i'm bored thank u, next Ariana Grande"
12-15 16:18:21.484 26935 27043 I PlaylistImporter: primary combined query="the light is coming (feat. Nicki Minaj) Sweetener Ariana Grande;Nicki Minaj"
12-15 16:18:22.115 26935 27043 I SearchRepository: search3 response code=200, body={"subsonic-response":{"status":"ok","version":"1.15.0","type":"hifi","serverVersion":"0.19.0","openSubsonic":true,"searchResult3":{"song":[{"id":"93686131","title":"the light is coming","album":"Sweetener","artist":"Ariana Grande","duration":228,"coverArt":"c06c72f0-7dbb-4e5c-9d18-fe361ec8aa89","type":"music","isVideo":false,"parent":0,"contentType":"audio/flac","suffix":"flac","artistId":"4332277","albumId":"93686128"},{"id":"126381768","title":"the light is coming","album":"k bye for now (swt live)","artist":"Ariana Grande","duration":130,"coverArt":"fa4f780f-67bd-4df7-8b8f-b33a68d1f298","type":"music","isVideo":false,"parent":0,"contentType":"audio/flac","suffix":"flac","artistId":"4332277","albumId":"126381742"},{"id":"198811646","title":"the light is coming","album":"Sweetener","artis
12-15 16:18:22.116 26935 27043 I PlaylistImporter: candidates count=5 for combined="the light is coming (feat. Nicki Minaj) Sweetener Ariana Grande;Nicki Minaj"
12-15 16:18:22.130 26935 27043 I PlaylistImporter: primary combined query="blazed (feat. Pharrell Williams) Sweetener Ariana Grande;Pharrell Williams"
12-15 16:18:22.837 26935 27043 I SearchRepository: search3 response code=200, body={"subsonic-response":{"status":"ok","version":"1.15.0","type":"hifi","serverVersion":"0.19.0","openSubsonic":true,"searchResult3":{"song":[{"id":"93686130","title":"blazed","album":"Sweetener","artist":"Ariana Grande","duration":196,"coverArt":"c06c72f0-7dbb-4e5c-9d18-fe361ec8aa89","type":"music","isVideo":false,"parent":0,"contentType":"audio/flac","suffix":"flac","artistId":"4332277","albumId":"93686128"},{"id":"72247311","title":"Heatstroke (feat. Young Thug, Pharrell Williams \u0026 Ariana Grande)","album":"Heatstroke (feat. Young Thug, Pharrell Williams \u0026 Ariana Grande)","artist":"Calvin Harris","duration":229,"coverArt":"bfe79d57-3df5-46d0-b51f-e5c1ea6e8015","type":"music","isVideo":false,"parent":0,"contentType":"audio/flac","suffix":"flac","artistId":"8401","albumId":"72247310
12-15 16:18:22.839 26935 27043 I PlaylistImporter: candidates count=9 for combined="blazed (feat. Pharrell Williams) Sweetener Ariana Grande;Pharrell Williams"
12-15 16:18:22.857 26935 27043 I PlaylistImporter: primary combined query="R.E.M Sweetener Ariana Grande"
12-15 16:18:23.341 26935 27043 I SearchRepository: search3 response code=200, body={"subsonic-response":{"status":"ok","version":"1.15.0","type":"hifi","serverVersion":"0.19.0","openSubsonic":true,"searchResult3":{"song":[{"id":"93686134","title":"sweetener","album":"Sweetener","artist":"Ariana Grande","duration":208,"coverArt":"c06c72f0-7dbb-4e5c-9d18-fe361ec8aa89","type":"music","isVideo":false,"parent":0,"contentType":"audio/flac","suffix":"flac","artistId":"4332277","albumId":"93686128"},{"id":"93686132","title":"R.E.M","album":"Sweetener","artist":"Ariana Grande","duration":246,"coverArt":"c06c72f0-7dbb-4e5c-9d18-fe361ec8aa89","type":"music","isVideo":false,"parent":0,"contentType":"audio/flac","suffix":"flac","artistId":"4332277","albumId":"93686128"},{"id":"126381749","title":"sweetener","album":"k bye for now (swt live)","artist":"Ariana Grande","duration":174,"c
12-15 16:18:23.342 26935 27043 I PlaylistImporter: candidates count=9 for combined="R.E.M Sweetener Ariana Grande"
12-15 16:18:23.371 26935 27043 I PlaylistImporter: primary combined query="God is a woman Sweetener Ariana Grande"
