12-14 13:08:46.363   926   926 D TrackAdapter: Cover load succeeded: https://api.401658.xyz/rest/getCoverArt.view?id=ab5b9c5e-66a4-4f2f-b929-e66f83a9a871&u=happyghostcat&p=tomyegg123
12-14 13:08:46.364   926  4259 D TrackAdapter: Persisted cover for 381684825: https://api.401658.xyz/rest/getCoverArt.view?id=ab5b9c5e-66a4-4f2f-b929-e66f83a9a871&u=happyghostcat&p=tomyegg123
12-14 13:08:46.368   926   926 D TrackAdapter: Trying cover URL [0/3]: https://api.401658.xyz/rest/getCoverArt.view?id=60765fa4-23ad-4996-972d-938266a5bba3&u=happyghostcat&p=tomyegg123
12-14 13:08:46.375   926   926 D TrackAdapter: Trying cover URL [0/3]: https://api.401658.xyz/rest/getCoverArt.view?id=829cd255-58ce-488b-bb8e-715f4cf476bb&u=happyghostcat&p=tomyegg123
12-14 13:08:46.377   926   926 D TrackAdapter: Cover load succeeded: https://api.401658.xyz/rest/getCoverArt.view?id=829cd255-58ce-488b-bb8e-715f4cf476bb&u=happyghostcat&p=tomyegg123
12-14 13:08:46.379   926  4260 D TrackAdapter: Persisted cover for 339628831: https://api.401658.xyz/rest/getCoverArt.view?id=829cd255-58ce-488b-bb8e-715f4cf476bb&u=happyghostcat&p=tomyegg123
12-14 13:08:46.382   926   926 D TrackAdapter: Trying cover URL [0/3]: https://api.401658.xyz/rest/getCoverArt.view?id=829cd255-58ce-488b-bb8e-715f4cf476bb&u=happyghostcat&p=tomyegg123
12-14 13:08:46.384   926   926 D TrackAdapter: Cover load succeeded: https://api.401658.xyz/rest/getCoverArt.view?id=829cd255-58ce-488b-bb8e-715f4cf476bb&u=happyghostcat&p=tomyegg123
12-14 13:08:46.387   926  4261 D TrackAdapter: Persisted cover for 339628833: https://api.401658.xyz/rest/getCoverArt.view?id=829cd255-58ce-488b-bb8e-715f4cf476bb&u=happyghostcat&p=tomyegg123
12-14 13:08:46.390   926   926 D TrackAdapter: Trying cover URL [0/3]: https://api.401658.xyz/rest/getCoverArt.view?id=e9e6bf7e-9d45-45e4-b0e8-c5fad3af1b46&u=happyghostcat&p=tomyegg123
12-14 13:08:46.392   926   926 D TrackAdapter: Cover load succeeded: https://api.401658.xyz/rest/getCoverArt.view?id=e9e6bf7e-9d45-45e4-b0e8-c5fad3af1b46&u=happyghostcat&p=tomyegg123
12-14 13:08:46.395   926  4262 D TrackAdapter: Persisted cover for 441821361: https://api.401658.xyz/rest/getCoverArt.view?id=e9e6bf7e-9d45-45e4-b0e8-c5fad3af1b46&u=happyghostcat&p=tomyegg123
12-14 13:08:46.397   926   926 D TrackAdapter: Trying cover URL [0/3]: https://api.401658.xyz/rest/getCoverArt.view?id=f23057f4-d036-496b-938f-f1f8bb75561c&u=happyghostcat&p=tomyegg123
12-14 13:08:46.399   926   926 D TrackAdapter: Cover load succeeded: https://api.401658.xyz/rest/getCoverArt.view?id=f23057f4-d036-496b-938f-f1f8bb75561c&u=happyghostcat&p=tomyegg123
12-14 13:08:46.400   926  4263 D TrackAdapter: Persisted cover for 239954654: https://api.401658.xyz/rest/getCoverArt.view?id=f23057f4-d036-496b-938f-f1f8bb75561c&u=happyghostcat&p=tomyegg123
12-14 13:08:46.404   926   926 D TrackAdapter: Trying cover URL [0/3]: https://api.401658.xyz/rest/getCoverArt.view?id=8f9ddabf-dade-4454-9eb5-6afc43dfc9cd&u=happyghostcat&p=tomyegg123
12-14 13:08:46.406   926   926 D TrackAdapter: Cover load succeeded: https://api.401658.xyz/rest/getCoverArt.view?id=8f9ddabf-dade-4454-9eb5-6afc43dfc9cd&u=happyghostcat&p=tomyegg123
12-14 13:08:46.407   926  4264 D TrackAdapter: Persisted cover for 393845094: https://api.401658.xyz/rest/getCoverArt.view?id=8f9ddabf-dade-4454-9eb5-6afc43dfc9cd&u=happyghostcat&p=tomyegg123
12-14 13:08:46.410   926   926 D TrackAdapter: Trying cover URL [0/3]: https://api.401658.xyz/rest/getCoverArt.view?id=73029457-c611-4f3d-9c3a-86e5d7309b7b&u=happyghostcat&p=tomyegg123
12-14 13:08:46.411   926   926 D TrackAdapter: Cover load succeeded: https://api.401658.xyz/rest/getCoverArt.view?id=73029457-c611-4f3d-9c3a-86e5d7309b7b&u=happyghostcat&p=tomyegg123
12-14 13:08:46.412   926  4265 D TrackAdapter: Persisted cover for 423935437: https://api.401658.xyz/rest/getCoverArt.view?id=73029457-c611-4f3d-9c3a-86e5d7309b7b&u=happyghostcat&p=tomyegg123
12-14 13:08:46.415   926   926 D TrackAdapter: Trying cover URL [0/3]: https://api.401658.xyz/rest/getCoverArt.view?id=73029457-c611-4f3d-9c3a-86e5d7309b7b&u=happyghostcat&p=tomyegg123
12-14 13:08:46.417   926   926 D TrackAdapter: Cover load succeeded: https://api.401658.xyz/rest/getCoverArt.view?id=73029457-c611-4f3d-9c3a-86e5d7309b7b&u=happyghostcat&p=tomyegg123
12-14 13:08:46.418   926  4266 D TrackAdapter: Persisted cover for 423935440: https://api.401658.xyz/rest/getCoverArt.view?id=73029457-c611-4f3d-9c3a-86e5d7309b7b&u=happyghostcat&p=tomyegg123
12-14 13:08:46.421   926   926 D TrackAdapter: Trying cover URL [0/3]: https://api.401658.xyz/rest/getCoverArt.view?id=d5d40565-6803-4def-ac04-b8152371d8f7&u=happyghostcat&p=tomyegg123
12-14 13:08:46.427   926   926 D TrackAdapter: Trying cover URL [0/3]: https://api.401658.xyz/rest/getCoverArt.view?id=829cd255-58ce-488b-bb8e-715f4cf476bb&u=happyghostcat&p=tomyegg123
12-14 13:08:46.429   926   926 D TrackAdapter: Cover load succeeded: https://api.401658.xyz/rest/getCoverArt.view?id=829cd255-58ce-488b-bb8e-715f4cf476bb&u=happyghostcat&p=tomyegg123
12-14 13:08:46.429   926  4268 D TrackAdapter: Persisted cover for 339628834: https://api.401658.xyz/rest/getCoverArt.view?id=829cd255-58ce-488b-bb8e-715f4cf476bb&u=happyghostcat&p=tomyegg123
12-14 13:08:46.433   926   926 D TrackAdapter: Trying cover URL [0/3]: https://api.401658.xyz/rest/getCoverArt.view?id=cfbd0053-b034-45c8-bb23-31c5509ed3ef&u=happyghostcat&p=tomyegg123
12-14 13:08:46.440   926   926 D AlbumAdapter: onBind album id=339362773 name='' artist='NMIXX'
12-14 13:08:46.440   926   926 D AlbumAdapter: binding album: id=339362773, name='', artist='NMIXX'
12-14 13:08:46.444   926   926 D AlbumAdapter: onBind album id=423707833 name='' artist='NMIXX'
12-14 13:08:46.444   926   926 D AlbumAdapter: binding album: id=423707833, name='', artist='NMIXX'
12-14 13:08:46.449   926   926 D AlbumAdapter: onBind album id=465846425 name='' artist='NMIXX'
12-14 13:08:46.449   926   926 D AlbumAdapter: binding album: id=465846425, name='', artist='NMIXX'
12-14 13:08:46.454   926   926 D AlbumAdapter: onBind album id=295880705 name='' artist='NMIXX'
12-14 13:08:46.454   926   926 D AlbumAdapter: binding album: id=295880705, name='', artist='NMIXX'
12-14 13:08:46.459   926   926 D AlbumAdapter: onBind album id=296455738 name='' artist='NMIXX'
12-14 13:08:46.459   926   926 D AlbumAdapter: binding album: id=296455738, name='', artist='NMIXX'
12-14 13:08:46.464   926   926 D AlbumAdapter: onBind album id=381410163 name='' artist='NMIXX'
12-14 13:08:46.464   926   926 D AlbumAdapter: binding album: id=381410163, name='', artist='NMIXX'
12-14 13:08:46.469   926   926 D AlbumAdapter: onBind album id=296484516 name='' artist='NMIXX'
12-14 13:08:46.469   926   926 D AlbumAdapter: binding album: id=296484516, name='', artist='NMIXX'
12-14 13:08:46.473   926   926 D AlbumAdapter: onBind album id=303692779 name='' artist='NMIXX'
12-14 13:08:46.473   926   926 D AlbumAdapter: binding album: id=303692779, name='', artist='NMIXX'
12-14 13:08:46.478   926   926 D AlbumAdapter: onBind album id=239954652 name='' artist='NMIXX'
12-14 13:08:46.478   926   926 D AlbumAdapter: binding album: id=239954652, name='', artist='NMIXX'
12-14 13:08:46.482   926   926 D AlbumAdapter: onBind album id=345795464 name='' artist='J.Y. Park'
12-14 13:08:46.482   926   926 D AlbumAdapter: binding album: id=345795464, name='', artist='J.Y. Park'
12-14 13:08:46.487   926   926 D AlbumAdapter: onBind album id=377547486 name='' artist='NMIXX'
12-14 13:08:46.487   926   926 D AlbumAdapter: binding album: id=377547486, name='', artist='NMIXX'
12-14 13:08:46.491   926   926 D AlbumAdapter: onBind album id=467027394 name='' artist='NMIXX'
12-14 13:08:46.492   926   926 D AlbumAdapter: binding album: id=467027394, name='', artist='NMIXX'
12-14 13:08:46.496   926   926 D AlbumAdapter: onBind album id=297759501 name='' artist='NMIXX'
12-14 13:08:46.496   926   926 D AlbumAdapter: binding album: id=297759501, name='', artist='NMIXX'
12-14 13:08:46.500   926   926 D AlbumAdapter: onBind album id=4793574 name='' artist='2Pac'
12-14 13:08:46.500   926   926 D AlbumAdapter: binding album: id=4793574, name='', artist='2Pac'
12-14 13:08:46.505   926   926 D AlbumAdapter: onBind album id=473095696 name='' artist=' (NMIXX)'
12-14 13:08:46.505   926   926 D AlbumAdapter: binding album: id=473095696, name='', artist=' (NMIXX)'
12-14 13:08:46.510   926   926 D AlbumAdapter: onBind album id=214089238 name='' artist='Kaisa'
12-14 13:08:46.510   926   926 D AlbumAdapter: binding album: id=214089238, name='', artist='Kaisa'
12-14 13:08:46.515   926   926 D AlbumAdapter: onBind album id=441821356 name='' artist='KPop Demon Hunters Cast'
12-14 13:08:46.515   926   926 D AlbumAdapter: binding album: id=441821356, name='', artist='KPop Demon Hunters Cast'
12-14 13:08:46.520   926   926 D AlbumAdapter: onBind album id=480177139 name='' artist='Nixx Marie'
12-14 13:08:46.520   926   926 D AlbumAdapter: binding album: id=480177139, name='', artist='Nixx Marie'
12-14 13:08:46.525   926   926 D AlbumAdapter: onBind album id=335372066 name='' artist='NewJeans'
12-14 13:08:46.525   926   926 D AlbumAdapter: binding album: id=335372066, name='', artist='NewJeans'
12-14 13:08:46.529   926   926 D AlbumAdapter: onBind album id=305611953 name='' artist='NewJeans'
12-14 13:08:46.529   926   926 D AlbumAdapter: binding album: id=305611953, name='', artist='NewJeans'
12-14 13:08:46.538   926   926 D AlbumAdapter: onBind album id=244684933 name='' artist='TWICE'
12-14 13:08:46.538   926   926 D AlbumAdapter: binding album: id=244684933, name='', artist='TWICE'
12-14 13:08:46.543   926   926 D AlbumAdapter: onBind album id=469063345 name='' artist='Nixx'
12-14 13:08:46.543   926   926 D AlbumAdapter: binding album: id=469063345, name='', artist='Nixx'
12-14 13:08:46.547   926   926 D AlbumAdapter: onBind album id=403537453 name='' artist='TWICE'
12-14 13:08:46.547   926   926 D AlbumAdapter: binding album: id=403537453, name='', artist='TWICE'
12-14 13:08:46.553   926   926 D AlbumAdapter: onBind album id=345599963 name='' artist='LE SSERAFIM'
12-14 13:08:46.553   926   926 D AlbumAdapter: binding album: id=345599963, name='', artist='LE SSERAFIM'
12-14 13:08:46.558   926   926 D AlbumAdapter: onBind album id=370211493 name='' artist='NewJeans'
12-14 13:08:46.558   926   926 D AlbumAdapter: binding album: id=370211493, name='', artist='NewJeans'
12-14 13:08:46.562   926   926 D AlbumAdapter: onBind album id=303283881 name='' artist='KISS OF LIFE'
12-14 13:08:46.562   926   926 D AlbumAdapter: binding album: id=303283881, name='', artist='KISS OF LIFE'
12-14 13:08:46.567   926   926 D AlbumAdapter: onBind album id=227058125 name='' artist='LE SSERAFIM'
12-14 13:08:46.567   926   926 D AlbumAdapter: binding album: id=227058125, name='', artist='LE SSERAFIM'
12-14 13:08:46.572   926   926 D AlbumAdapter: onBind album id=342654807 name='' artist='1999 WRITE THE FUTURE'
12-14 13:08:46.572   926   926 D AlbumAdapter: binding album: id=342654807, name='', artist='1999 WRITE THE FUTURE'
12-14 13:08:46.578   926   926 D AlbumAdapter: onBind album id=364699901 name='' artist='NewJeans'
12-14 13:08:46.578   926   926 D AlbumAdapter: binding album: id=364699901, name='', artist='NewJeans'
12-14 13:08:46.582   926   926 D AlbumAdapter: onBind album id=320974245 name='' artist='IVE'
12-14 13:08:46.583   926   926 D AlbumAdapter: binding album: id=320974245, name='', artist='IVE'
12-14 13:08:46.588   926   926 D AlbumAdapter: onBind album id=441623886 name='' artist='iLLiT'
12-14 13:08:46.588   926   926 D AlbumAdapter: binding album: id=441623886, name='', artist='iLLiT'
12-14 13:08:46.594   926   926 D AlbumAdapter: onBind album id=421066148 name='' artist='LE SSERAFIM'
12-14 13:08:46.594   926   926 D AlbumAdapter: binding album: id=421066148, name='', artist='LE SSERAFIM'
12-14 13:08:46.599   926   926 D AlbumAdapter: onBind album id=187275427 name='' artist='TWICE'
12-14 13:08:46.599   926   926 D AlbumAdapter: binding album: id=187275427, name='', artist='TWICE'
12-14 13:08:46.605   926   926 D AlbumAdapter: onBind album id=424420416 name='' artist='i-dle'
12-14 13:08:46.605   926   926 D AlbumAdapter: binding album: id=424420416, name='', artist='i-dle'
12-14 13:08:46.610   926   926 D AlbumAdapter: onBind album id=280653835 name='' artist='TWICE'
12-14 13:08:46.610   926   926 D AlbumAdapter: binding album: id=280653835, name='', artist='TWICE'
12-14 13:08:46.615   926   926 D AlbumAdapter: onBind album id=357165029 name='' artist='IVE'
12-14 13:08:46.615   926   926 D AlbumAdapter: binding album: id=357165029, name='', artist='IVE'
12-14 13:08:46.620   926   926 D AlbumAdapter: onBind album id=424420401 name='' artist='i-dle'
12-14 13:08:46.621   926   926 D AlbumAdapter: binding album: id=424420401, name='', artist='i-dle'
12-14 13:08:46.626   926   926 D AlbumAdapter: onBind album id=480569057 name='' artist='Nixx Marie'
12-14 13:08:46.626   926   926 D AlbumAdapter: binding album: id=480569057, name='', artist='Nixx Marie'
12-14 13:08:46.631   926   926 D AlbumAdapter: onBind album id=346629407 name='' artist='TWICE'
12-14 13:08:46.631   926   926 D AlbumAdapter: binding album: id=346629407, name='', artist='TWICE'
12-14 13:08:46.637   926   926 D AlbumAdapter: onBind album id=393844729 name='' artist='XG'
12-14 13:08:46.637   926   926 D AlbumAdapter: binding album: id=393844729, name='', artist='XG'
12-14 13:08:46.644   926   926 D AlbumAdapter: onBind album id=214926197 name='' artist='ITZY'
12-14 13:08:46.644   926   926 D AlbumAdapter: binding album: id=214926197, name='', artist='ITZY'
12-14 13:08:46.650   926   926 D AlbumAdapter: onBind album id=208560124 name='' artist='Bonni Nixx'
12-14 13:08:46.650   926   926 D AlbumAdapter: binding album: id=208560124, name='', artist='Bonni Nixx'
12-14 13:08:46.655   926   926 D AlbumAdapter: onBind album id=177926765 name='' artist='Nixx Tucker'
12-14 13:08:46.655   926   926 D AlbumAdapter: binding album: id=177926765, name='', artist='Nixx Tucker'
12-14 13:08:46.661   926   926 D AlbumAdapter: onBind album id=111892936 name='' artist='Nixx'
12-14 13:08:46.662   926   926 D AlbumAdapter: binding album: id=111892936, name='', artist='Nixx'
12-14 13:08:46.667   926   926 D AlbumAdapter: onBind album id=42761125 name='' artist='Guy Pageot'
12-14 13:08:46.667   926   926 D AlbumAdapter: binding album: id=42761125, name='', artist='Guy Pageot'
12-14 13:08:46.675   926   926 D AlbumAdapter: onBind album id=250888985 name='' artist='NIXX'
12-14 13:08:46.675   926   926 D AlbumAdapter: binding album: id=250888985, name='', artist='NIXX'
12-14 13:08:46.682   926   926 D AlbumAdapter: onBind album id=44306646 name='' artist='Nixx'
12-14 13:08:46.682   926   926 D AlbumAdapter: binding album: id=44306646, name='', artist='Nixx'
12-14 13:08:46.688   926   926 D AlbumAdapter: onBind album id=433726693 name='' artist='Neixx'
12-14 13:08:46.688   926   926 D AlbumAdapter: binding album: id=433726693, name='', artist='Neixx'
12-14 13:08:46.694   926   926 D AlbumAdapter: onBind album id=442164406 name='' artist='Neixx'
12-14 13:08:46.694   926   926 D AlbumAdapter: binding album: id=442164406, name='', artist='Neixx'
12-14 13:08:46.700   926   926 D AlbumAdapter: onBind album id=362022407 name='' artist='The Nixx'
12-14 13:08:46.700   926   926 D AlbumAdapter: binding album: id=362022407, name='', artist='The Nixx'
12-14 13:08:46.706   926   926 D AlbumAdapter: onBind album id=21298954 name='' artist='Nixx'
12-14 13:08:46.706   926   926 D AlbumAdapter: binding album: id=21298954, name='', artist='Nixx'
12-14 13:08:46.711   926   926 D AlbumAdapter: onBind album id=359962363 name='' artist='Neixx'
12-14 13:08:46.712   926   926 D AlbumAdapter: binding album: id=359962363, name='', artist='Neixx'
12-14 13:08:46.718   926   926 D AlbumAdapter: onBind album id=298398610 name='' artist='Run Jupiter'
12-14 13:08:46.718   926   926 D AlbumAdapter: binding album: id=298398610, name='', artist='Run Jupiter'
12-14 13:08:46.724   926   926 D AlbumAdapter: onBind album id=403943582 name='' artist='Neixx'
12-14 13:08:46.724   926   926 D AlbumAdapter: binding album: id=403943582, name='', artist='Neixx'
12-14 13:08:46.730   926   926 D AlbumAdapter: onBind album id=345329566 name='' artist='Nixx Saint'
12-14 13:08:46.730   926   926 D AlbumAdapter: binding album: id=345329566, name='', artist='Nixx Saint'
12-14 13:08:46.737   926   926 D AlbumAdapter: onBind album id=350116721 name='' artist='Nixx Saint'
12-14 13:08:46.737   926   926 D AlbumAdapter: binding album: id=350116721, name='', artist='Nixx Saint'
12-14 13:08:46.742   926   926 D AlbumAdapter: onBind album id=185532457 name='' artist='NOIXX'
12-14 13:08:46.742   926   926 D AlbumAdapter: binding album: id=185532457, name='', artist='NOIXX'
12-14 13:08:46.748   926   926 D AlbumAdapter: onBind album id=275272536 name='' artist='Nixx Saint'
12-14 13:08:46.748   926   926 D AlbumAdapter: binding album: id=275272536, name='', artist='Nixx Saint'
12-14 13:08:46.754   926   926 D AlbumAdapter: onBind album id=302109475 name='' artist='Zora nixx'
12-14 13:08:46.754   926   926 D AlbumAdapter: binding album: id=302109475, name='', artist='Zora nixx'
12-14 13:08:46.759   926   926 D AlbumAdapter: onBind album id=401098013 name='' artist='Richie Nixx'
12-14 13:08:46.759   926   926 D AlbumAdapter: binding album: id=401098013, name='', artist='Richie Nixx'
12-14 13:08:46.766   926   926 D AlbumAdapter: onBind album id=194714449 name='' artist='Matt Consola'
12-14 13:08:46.766   926   926 D AlbumAdapter: binding album: id=194714449, name='', artist='Matt Consola'
12-14 13:08:46.772   926   926 D AlbumAdapter: onBind album id=467086019 name='' artist='Nova Nixx'
12-14 13:08:46.772   926   926 D AlbumAdapter: binding album: id=467086019, name='', artist='Nova Nixx'
12-14 13:08:46.777   926   926 D AlbumAdapter: onBind album id=203609151 name='' artist='Matt Consola'
12-14 13:08:46.777   926   926 D AlbumAdapter: binding album: id=203609151, name='', artist='Matt Consola'
12-14 13:08:46.783   926   926 D AlbumAdapter: onBind album id=356010549 name='' artist='Zerom & Niixx'
12-14 13:08:46.783   926   926 D AlbumAdapter: binding album: id=356010549, name='', artist='Zerom & Niixx'
12-14 13:08:46.789   926   926 D AlbumAdapter: onBind album id=428892088 name='' artist='ixx'
12-14 13:08:46.789   926   926 D AlbumAdapter: binding album: id=428892088, name='', artist='ixx'
12-14 13:08:46.795   926   926 D AlbumAdapter: onBind album id=399181843 name='' artist='def nixx'
12-14 13:08:46.795   926   926 D AlbumAdapter: binding album: id=399181843, name='', artist='def nixx'
12-14 13:08:46.801   926   926 D AlbumAdapter: onBind album id=412213664 name='' artist='Nixx'
12-14 13:08:46.801   926   926 D AlbumAdapter: binding album: id=412213664, name='', artist='Nixx'
12-14 13:08:46.806   926   926 D AlbumAdapter: onBind album id=73386835 name='' artist='Nixx'
12-14 13:08:46.806   926   926 D AlbumAdapter: binding album: id=73386835, name='', artist='Nixx'
12-14 13:08:46.812   926   926 D AlbumAdapter: onBind album id=194653125 name='' artist='Matt Consola'
12-14 13:08:46.812   926   926 D AlbumAdapter: binding album: id=194653125, name='', artist='Matt Consola'
12-14 13:08:46.817   926   926 D AlbumAdapter: onBind album id=344372302 name='' artist='Zerom & Niixx'
12-14 13:08:46.817   926   926 D AlbumAdapter: binding album: id=344372302, name='', artist='Zerom & Niixx'
12-14 13:08:46.822   926   926 D AlbumAdapter: onBind album id=328049853 name='' artist='NIXX'
12-14 13:08:46.822   926   926 D AlbumAdapter: binding album: id=328049853, name='', artist='NIXX'
12-14 13:08:46.828   926   926 D AlbumAdapter: onBind album id=430344990 name='' artist='ixx'
12-14 13:08:46.828   926   926 D AlbumAdapter: binding album: id=430344990, name='', artist='ixx'
12-14 13:08:46.833   926   926 D AlbumAdapter: onBind album id=361792524 name='' artist='Nixx Saint'
12-14 13:08:46.833   926   926 D AlbumAdapter: binding album: id=361792524, name='', artist='Nixx Saint'
12-14 13:08:46.839   926   926 D AlbumAdapter: onBind album id=401975969 name='' artist='Nixx Saint'
12-14 13:08:46.839   926   926 D AlbumAdapter: binding album: id=401975969, name='', artist='Nixx Saint'
12-14 13:08:46.845   926   926 D AlbumAdapter: onBind album id=58831240 name='' artist='  x nixx'
12-14 13:08:46.845   926   926 D AlbumAdapter: binding album: id=58831240, name='', artist='  x nixx'
12-14 13:08:46.851   926   926 D AlbumAdapter: onBind album id=376147527 name='' artist='Nixx'
12-14 13:08:46.851   926   926 D AlbumAdapter: binding album: id=376147527, name='', artist='Nixx'
12-14 13:08:46.856   926   926 D AlbumAdapter: onBind album id=112918769 name='' artist='Nixx, OG Prince, Highself'
12-14 13:08:46.857   926   926 D AlbumAdapter: binding album: id=112918769, name='', artist='Nixx, OG Prince, Highself'
12-14 13:08:46.863   926   926 D AlbumAdapter: onBind album id=422269079 name='' artist='ixx'
12-14 13:08:46.863   926   926 D AlbumAdapter: binding album: id=422269079, name='', artist='ixx'
12-14 13:08:46.872   926   926 D AlbumAdapter: onBind album id=307060335 name='' artist='Zora nixx'
12-14 13:08:46.872   926   926 D AlbumAdapter: binding album: id=307060335, name='', artist='Zora nixx'
12-14 13:08:46.877   926   926 D AlbumAdapter: onBind album id=278732459 name='' artist='Zora nixx'
12-14 13:08:46.877   926   926 D AlbumAdapter: binding album: id=278732459, name='', artist='Zora nixx'
12-14 13:08:46.883   926   926 D AlbumAdapter: onBind album id=293069584 name='' artist='def nixx'
12-14 13:08:46.883   926   926 D AlbumAdapter: binding album: id=293069584, name='', artist='def nixx'
12-14 13:08:46.888   926   926 D AlbumAdapter: onBind album id=433804638 name='' artist='Areon Nixx'
12-14 13:08:46.888   926   926 D AlbumAdapter: binding album: id=433804638, name='', artist='Areon Nixx'
12-14 13:08:46.894   926   926 D AlbumAdapter: onBind album id=400934813 name='' artist='NIXX'
12-14 13:08:46.894   926   926 D AlbumAdapter: binding album: id=400934813, name='', artist='NIXX'
12-14 13:08:46.901   926   926 D AlbumAdapter: onBind album id=345501797 name='' artist='NOIXX'
12-14 13:08:46.902   926   926 D AlbumAdapter: binding album: id=345501797, name='', artist='NOIXX'
12-14 13:08:46.908   926   926 D AlbumAdapter: onBind album id=295045666 name='' artist='Steve Nixx'
12-14 13:08:46.908   926   926 D AlbumAdapter: binding album: id=295045666, name='', artist='Steve Nixx'
12-14 13:08:46.912   926   926 D AlbumAdapter: onBind album id=192636525 name='' artist='Matt Consola'
12-14 13:08:46.912   926   926 D AlbumAdapter: binding album: id=192636525, name='', artist='Matt Consola'
12-14 13:08:47.050   926   926 D TrackAdapter: Cover load succeeded: https://api.401658.xyz/rest/getCoverArt.view?id=3db0b622-303d-47ef-ba75-453c2c602c79&u=happyghostcat&p=tomyegg123
12-14 13:08:47.051   926   926 D TrackAdapter: Cover load succeeded: https://api.401658.xyz/rest/getCoverArt.view?id=61614907-cd35-44ef-be0d-8470fc8b6e78&u=happyghostcat&p=tomyegg123
12-14 13:08:47.053   926   926 D TrackAdapter: Cover load succeeded: https://api.401658.xyz/rest/getCoverArt.view?id=77e7aad0-d6bd-4a68-9190-4b1817734c50&u=happyghostcat&p=tomyegg123
12-14 13:08:47.054   926  4287 D TrackAdapter: Persisted cover for 423707835: https://api.401658.xyz/rest/getCoverArt.view?id=3db0b622-303d-47ef-ba75-453c2c602c79&u=happyghostcat&p=tomyegg123
12-14 13:08:47.079   926  4288 D TrackAdapter: Persisted cover for 296484518: https://api.401658.xyz/rest/getCoverArt.view?id=61614907-cd35-44ef-be0d-8470fc8b6e78&u=happyghostcat&p=tomyegg123
12-14 13:08:47.079   926  4289 D TrackAdapter: Persisted cover for 295880706: https://api.401658.xyz/rest/getCoverArt.view?id=77e7aad0-d6bd-4a68-9190-4b1817734c50&u=happyghostcat&p=tomyegg123
12-14 13:08:47.122   926   926 D TrackAdapter: Cover load succeeded: https://api.401658.xyz/rest/getCoverArt.view?id=2da0c04f-6ce8-4e7e-9a95-62fc6ab1a3d8&u=happyghostcat&p=tomyegg123
12-14 13:08:47.123   926   926 D TrackAdapter: Cover load succeeded: https://api.401658.xyz/rest/getCoverArt.view?id=77e7aad0-d6bd-4a68-9190-4b1817734c50&u=happyghostcat&p=tomyegg123
12-14 13:08:47.124   926   926 D TrackAdapter: Cover load succeeded: https://api.401658.xyz/rest/getCoverArt.view?id=6b479a96-e15e-4f15-8629-d5e2005ef18f&u=happyghostcat&p=tomyegg123
12-14 13:08:47.125   926   926 D TrackAdapter: Cover load succeeded: https://api.401658.xyz/rest/getCoverArt.view?id=0472278e-0300-4fb0-b443-4baa0b8b94d6&u=happyghostcat&p=tomyegg123
12-14 13:08:47.139   926  4291 D TrackAdapter: Persisted cover for 295880707: https://api.401658.xyz/rest/getCoverArt.view?id=77e7aad0-d6bd-4a68-9190-4b1817734c50&u=happyghostcat&p=tomyegg123
12-14 13:08:47.141   926  4293 D TrackAdapter: Persisted cover for 332068247: https://api.401658.xyz/rest/getCoverArt.view?id=0472278e-0300-4fb0-b443-4baa0b8b94d6&u=happyghostcat&p=tomyegg123
12-14 13:08:47.148   926  4290 D TrackAdapter: Persisted cover for 339362776: https://api.401658.xyz/rest/getCoverArt.view?id=2da0c04f-6ce8-4e7e-9a95-62fc6ab1a3d8&u=happyghostcat&p=tomyegg123
12-14 13:08:47.149   926  4292 D TrackAdapter: Persisted cover for 296455741: https://api.401658.xyz/rest/getCoverArt.view?id=6b479a96-e15e-4f15-8629-d5e2005ef18f&u=happyghostcat&p=tomyegg123
12-14 13:08:47.179   926   926 D TrackAdapter: Cover load succeeded: https://api.401658.xyz/rest/getCoverArt.view?id=2da0c04f-6ce8-4e7e-9a95-62fc6ab1a3d8&u=happyghostcat&p=tomyegg123
12-14 13:08:47.180   926   926 D TrackAdapter: Cover load succeeded: https://api.401658.xyz/rest/getCoverArt.view?id=61614907-cd35-44ef-be0d-8470fc8b6e78&u=happyghostcat&p=tomyegg123
12-14 13:08:47.182   926  4296 D TrackAdapter: Persisted cover for 339362786: https://api.401658.xyz/rest/getCoverArt.view?id=2da0c04f-6ce8-4e7e-9a95-62fc6ab1a3d8&u=happyghostcat&p=tomyegg123
12-14 13:08:47.183   926  4297 D TrackAdapter: Persisted cover for 296484517: https://api.401658.xyz/rest/getCoverArt.view?id=61614907-cd35-44ef-be0d-8470fc8b6e78&u=happyghostcat&p=tomyegg123
12-14 13:08:47.220   926   926 D TrackAdapter: Cover load succeeded: https://api.401658.xyz/rest/getCoverArt.view?id=671ce946-af18-445e-9783-c6be16e453fc&u=happyghostcat&p=tomyegg123
12-14 13:08:47.221   926   926 D TrackAdapter: Cover load succeeded: https://api.401658.xyz/rest/getCoverArt.view?id=2da0c04f-6ce8-4e7e-9a95-62fc6ab1a3d8&u=happyghostcat&p=tomyegg123
12-14 13:08:47.221   926   926 D TrackAdapter: Cover load succeeded: https://api.401658.xyz/rest/getCoverArt.view?id=4f1fa349-34b0-4d96-8758-7e1f0076209a&u=happyghostcat&p=tomyegg123
12-14 13:08:47.222   926   926 D TrackAdapter: Cover load succeeded: https://api.401658.xyz/rest/getCoverArt.view?id=6b479a96-e15e-4f15-8629-d5e2005ef18f&u=happyghostcat&p=tomyegg123
12-14 13:08:47.223   926   926 D TrackAdapter: Cover load succeeded: https://api.401658.xyz/rest/getCoverArt.view?id=928b7d2c-c9f8-41c9-8b95-c91f06d9f594&u=happyghostcat&p=tomyegg123
12-14 13:08:47.224   926  4299 D TrackAdapter: Persisted cover for 339362790: https://api.401658.xyz/rest/getCoverArt.view?id=2da0c04f-6ce8-4e7e-9a95-62fc6ab1a3d8&u=happyghostcat&p=tomyegg123
12-14 13:08:47.224   926  4298 D TrackAdapter: Persisted cover for 303692780: https://api.401658.xyz/rest/getCoverArt.view?id=671ce946-af18-445e-9783-c6be16e453fc&u=happyghostcat&p=tomyegg123
12-14 13:08:47.225   926   926 D TrackAdapter: Cover load succeeded: https://api.401658.xyz/rest/getCoverArt.view?id=4f1fa349-34b0-4d96-8758-7e1f0076209a&u=happyghostcat&p=tomyegg123
12-14 13:08:47.226   926  4302 D TrackAdapter: Persisted cover for 420659754: https://api.401658.xyz/rest/getCoverArt.view?id=928b7d2c-c9f8-41c9-8b95-c91f06d9f594&u=happyghostcat&p=tomyegg123
12-14 13:08:47.232   926  4300 D TrackAdapter: Persisted cover for 381410165: https://api.401658.xyz/rest/getCoverArt.view?id=4f1fa349-34b0-4d96-8758-7e1f0076209a&u=happyghostcat&p=tomyegg123
12-14 13:08:47.232   926   926 D TrackAdapter: Cover load succeeded: https://api.401658.xyz/rest/getCoverArt.view?id=f23057f4-d036-496b-938f-f1f8bb75561c&u=happyghostcat&p=tomyegg123
12-14 13:08:47.233   926   926 D TrackAdapter: Cover load succeeded: https://api.401658.xyz/rest/getCoverArt.view?id=6133298d-4d0e-472b-9a77-439787e8aee0&u=happyghostcat&p=tomyegg123
12-14 13:08:47.233   926  4301 D TrackAdapter: Persisted cover for 296455740: https://api.401658.xyz/rest/getCoverArt.view?id=6b479a96-e15e-4f15-8629-d5e2005ef18f&u=happyghostcat&p=tomyegg123
12-14 13:08:47.239   926  4304 D TrackAdapter: Persisted cover for 239954653: https://api.401658.xyz/rest/getCoverArt.view?id=f23057f4-d036-496b-938f-f1f8bb75561c&u=happyghostcat&p=tomyegg123
12-14 13:08:47.246   926  4305 D TrackAdapter: Persisted cover for 296705493: https://api.401658.xyz/rest/getCoverArt.view?id=6133298d-4d0e-472b-9a77-439787e8aee0&u=happyghostcat&p=tomyegg123
12-14 13:08:47.248   926  4303 D TrackAdapter: Persisted cover for 381410170: https://api.401658.xyz/rest/getCoverArt.view?id=4f1fa349-34b0-4d96-8758-7e1f0076209a&u=happyghostcat&p=tomyegg123
12-14 13:08:47.268   926   926 D TrackAdapter: Cover load succeeded: https://api.401658.xyz/rest/getCoverArt.view?id=e9e6bf7e-9d45-45e4-b0e8-c5fad3af1b46&u=happyghostcat&p=tomyegg123
12-14 13:08:47.270   926   926 D TrackAdapter: Cover load succeeded: https://api.401658.xyz/rest/getCoverArt.view?id=e9e6bf7e-9d45-45e4-b0e8-c5fad3af1b46&u=happyghostcat&p=tomyegg123
12-14 13:08:47.271   926   926 D TrackAdapter: Cover load succeeded: https://api.401658.xyz/rest/getCoverArt.view?id=e9e6bf7e-9d45-45e4-b0e8-c5fad3af1b46&u=happyghostcat&p=tomyegg123
12-14 13:08:47.288   926   926 D TrackAdapter: Cover load succeeded: https://api.401658.xyz/rest/getCoverArt.view?id=321289ab-2bc8-46a8-89a5-3d5cc94f7664&u=happyghostcat&p=tomyegg123
12-14 13:08:47.290   926  4306 D TrackAdapter: Persisted cover for 441821358: https://api.401658.xyz/rest/getCoverArt.view?id=e9e6bf7e-9d45-45e4-b0e8-c5fad3af1b46&u=happyghostcat&p=tomyegg123
12-14 13:08:47.292   926  4307 D TrackAdapter: Persisted cover for 441821360: https://api.401658.xyz/rest/getCoverArt.view?id=e9e6bf7e-9d45-45e4-b0e8-c5fad3af1b46&u=happyghostcat&p=tomyegg123
12-14 13:08:47.297   926  4308 D TrackAdapter: Persisted cover for 441821359: https://api.401658.xyz/rest/getCoverArt.view?id=e9e6bf7e-9d45-45e4-b0e8-c5fad3af1b46&u=happyghostcat&p=tomyegg123
12-14 13:08:47.298   926  4309 D TrackAdapter: Persisted cover for 377547487: https://api.401658.xyz/rest/getCoverArt.view?id=321289ab-2bc8-46a8-89a5-3d5cc94f7664&u=happyghostcat&p=tomyegg123
12-14 13:08:47.316   926   926 D TrackAdapter: Cover load succeeded: https://api.401658.xyz/rest/getCoverArt.view?id=37995b6c-d5a4-4753-8183-b59ad498031f&u=happyghostcat&p=tomyegg123
12-14 13:08:47.319   926   926 D TrackAdapter: Cover load succeeded: https://api.401658.xyz/rest/getCoverArt.view?id=c0b1a758-97cd-41b1-84ab-83746e17e6c4&u=happyghostcat&p=tomyegg123
12-14 13:08:47.320   926   926 D TrackAdapter: Cover load succeeded: https://api.401658.xyz/rest/getCoverArt.view?id=57de7281-a8af-4c5b-93b7-e564487aab50&u=happyghostcat&p=tomyegg123
12-14 13:08:47.321   926   926 D TrackAdapter: Cover load succeeded: https://api.401658.xyz/rest/getCoverArt.view?id=829cd255-58ce-488b-bb8e-715f4cf476bb&u=happyghostcat&p=tomyegg123
12-14 13:08:47.322   926   926 D TrackAdapter: Cover load succeeded: https://api.401658.xyz/rest/getCoverArt.view?id=73029457-c611-4f3d-9c3a-86e5d7309b7b&u=happyghostcat&p=tomyegg123
12-14 13:08:47.323   926   926 D TrackAdapter: Cover load succeeded: https://api.401658.xyz/rest/getCoverArt.view?id=9b4298d7-16b5-485a-aa21-accf245592b1&u=happyghostcat&p=tomyegg123
12-14 13:08:47.324   926   926 D TrackAdapter: Cover load succeeded: https://api.401658.xyz/rest/getCoverArt.view?id=33cb34f3-d5f9-4970-979e-328c1204f93a&u=happyghostcat&p=tomyegg123
12-14 13:08:47.326   926   926 D TrackAdapter: Cover load succeeded: https://api.401658.xyz/rest/getCoverArt.view?id=d3de4a42-1c89-4dc1-8fbe-b9a0c9eab4da&u=happyghostcat&p=tomyegg123
12-14 13:08:47.329   926   926 D TrackAdapter: Cover load succeeded: https://api.401658.xyz/rest/getCoverArt.view?id=a79643d7-64c9-4e21-b687-3593af2c7816&u=happyghostcat&p=tomyegg123
12-14 13:08:47.331   926   926 D TrackAdapter: Cover load succeeded: https://api.401658.xyz/rest/getCoverArt.view?id=9a468c4e-775c-477f-bf01-498e7ea99c4b&u=happyghostcat&p=tomyegg123
12-14 13:08:47.332   926   926 D TrackAdapter: Cover load succeeded: https://api.401658.xyz/rest/getCoverArt.view?id=192733e0-5ab6-4a50-be2d-61381ef64a6d&u=happyghostcat&p=tomyegg123
12-14 13:08:47.333   926   926 D TrackAdapter: Cover load succeeded: https://api.401658.xyz/rest/getCoverArt.view?id=e1f26e8b-4f1e-43ca-b99f-6c8997046e1e&u=happyghostcat&p=tomyegg123
12-14 13:08:47.335   926   926 D TrackAdapter: Cover load succeeded: https://api.401658.xyz/rest/getCoverArt.view?id=8f9ddabf-dade-4454-9eb5-6afc43dfc9cd&u=happyghostcat&p=tomyegg123
12-14 13:08:47.344   926  4312 D TrackAdapter: Persisted cover for 304061362: https://api.401658.xyz/rest/getCoverArt.view?id=57de7281-a8af-4c5b-93b7-e564487aab50&u=happyghostcat&p=tomyegg123
12-14 13:08:47.345   926  4310 D TrackAdapter: Persisted cover for 345795469: https://api.401658.xyz/rest/getCoverArt.view?id=37995b6c-d5a4-4753-8183-b59ad498031f&u=happyghostcat&p=tomyegg123
12-14 13:08:47.345   926  4311 D TrackAdapter: Persisted cover for 386438919: https://api.401658.xyz/rest/getCoverArt.view?id=c0b1a758-97cd-41b1-84ab-83746e17e6c4&u=happyghostcat&p=tomyegg123
12-14 13:08:47.345   926  4314 D TrackAdapter: Persisted cover for 423935438: https://api.401658.xyz/rest/getCoverArt.view?id=73029457-c611-4f3d-9c3a-86e5d7309b7b&u=happyghostcat&p=tomyegg123
12-14 13:08:47.346   926  4313 D TrackAdapter: Persisted cover for 339628828: https://api.401658.xyz/rest/getCoverArt.view?id=829cd255-58ce-488b-bb8e-715f4cf476bb&u=happyghostcat&p=tomyegg123
12-14 13:08:47.347   926  4317 D TrackAdapter: Persisted cover for 297759502: https://api.401658.xyz/rest/getCoverArt.view?id=d3de4a42-1c89-4dc1-8fbe-b9a0c9eab4da&u=happyghostcat&p=tomyegg123
12-14 13:08:47.347   926  4322 D TrackAdapter: Persisted cover for 393845099: https://api.401658.xyz/rest/getCoverArt.view?id=8f9ddabf-dade-4454-9eb5-6afc43dfc9cd&u=happyghostcat&p=tomyegg123
12-14 13:08:47.347   926  4315 D TrackAdapter: Persisted cover for 296698064: https://api.401658.xyz/rest/getCoverArt.view?id=9b4298d7-16b5-485a-aa21-accf245592b1&u=happyghostcat&p=tomyegg123
12-14 13:08:47.347   926  4319 D TrackAdapter: Persisted cover for 302563732: https://api.401658.xyz/rest/getCoverArt.view?id=9a468c4e-775c-477f-bf01-498e7ea99c4b&u=happyghostcat&p=tomyegg123
12-14 13:08:47.348   926  4316 D TrackAdapter: Persisted cover for 266840729: https://api.401658.xyz/rest/getCoverArt.view?id=33cb34f3-d5f9-4970-979e-328c1204f93a&u=happyghostcat&p=tomyegg123
12-14 13:08:47.348   926  4321 D TrackAdapter: Persisted cover for 450720025: https://api.401658.xyz/rest/getCoverArt.view?id=e1f26e8b-4f1e-43ca-b99f-6c8997046e1e&u=happyghostcat&p=tomyegg123
12-14 13:08:47.348   926  4318 D TrackAdapter: Persisted cover for 269004280: https://api.401658.xyz/rest/getCoverArt.view?id=a79643d7-64c9-4e21-b687-3593af2c7816&u=happyghostcat&p=tomyegg123
12-14 13:08:47.351   926  4320 D TrackAdapter: Persisted cover for 303214637: https://api.401658.xyz/rest/getCoverArt.view?id=192733e0-5ab6-4a50-be2d-61381ef64a6d&u=happyghostcat&p=tomyegg123
12-14 13:08:47.361   926   926 D TrackAdapter: Cover load succeeded: https://api.401658.xyz/rest/getCoverArt.view?id=a94da58e-8b18-4593-ba8d-48283808e0f3&u=happyghostcat&p=tomyegg123
12-14 13:08:47.362   926   926 D TrackAdapter: Cover load succeeded: https://api.401658.xyz/rest/getCoverArt.view?id=ab5b9c5e-66a4-4f2f-b929-e66f83a9a871&u=happyghostcat&p=tomyegg123
12-14 13:08:47.363   926   926 D TrackAdapter: Cover load succeeded: https://api.401658.xyz/rest/getCoverArt.view?id=87825657-e482-48f8-8322-ff54539ec5eb&u=happyghostcat&p=tomyegg123
12-14 13:08:47.364   926  4324 D TrackAdapter: Persisted cover for 381684820: https://api.401658.xyz/rest/getCoverArt.view?id=ab5b9c5e-66a4-4f2f-b929-e66f83a9a871&u=happyghostcat&p=tomyegg123
12-14 13:08:47.364   926   926 D TrackAdapter: Cover load succeeded: https://api.401658.xyz/rest/getCoverArt.view?id=d917e48f-712a-40bb-831d-b63df51d9b70&u=happyghostcat&p=tomyegg123
12-14 13:08:47.365   926  4323 D TrackAdapter: Persisted cover for 296976132: https://api.401658.xyz/rest/getCoverArt.view?id=a94da58e-8b18-4593-ba8d-48283808e0f3&u=happyghostcat&p=tomyegg123
12-14 13:08:47.365   926   926 D TrackAdapter: Cover load succeeded: https://api.401658.xyz/rest/getCoverArt.view?id=60765fa4-23ad-4996-972d-938266a5bba3&u=happyghostcat&p=tomyegg123
12-14 13:08:47.366   926   926 D TrackAdapter: Cover load succeeded: https://api.401658.xyz/rest/getCoverArt.view?id=d5d40565-6803-4def-ac04-b8152371d8f7&u=happyghostcat&p=tomyegg123
12-14 13:08:47.367   926  4325 D TrackAdapter: Persisted cover for 330961425: https://api.401658.xyz/rest/getCoverArt.view?id=87825657-e482-48f8-8322-ff54539ec5eb&u=happyghostcat&p=tomyegg123
12-14 13:08:47.368   926  4326 D TrackAdapter: Persisted cover for 242691763: https://api.401658.xyz/rest/getCoverArt.view?id=d917e48f-712a-40bb-831d-b63df51d9b70&u=happyghostcat&p=tomyegg123
12-14 13:08:47.369   926  4327 D TrackAdapter: Persisted cover for 370211495: https://api.401658.xyz/rest/getCoverArt.view?id=60765fa4-23ad-4996-972d-938266a5bba3&u=happyghostcat&p=tomyegg123
12-14 13:08:47.370   926   926 D TrackAdapter: Cover load succeeded: https://api.401658.xyz/rest/getCoverArt.view?id=cfbd0053-b034-45c8-bb23-31c5509ed3ef&u=happyghostcat&p=tomyegg123
12-14 13:08:47.371   926  4328 D TrackAdapter: Persisted cover for 240344352: https://api.401658.xyz/rest/getCoverArt.view?id=d5d40565-6803-4def-ac04-b8152371d8f7&u=happyghostcat&p=tomyegg123
12-14 13:08:47.373   926   926 D TrackAdapter: Cover load succeeded: https://api.401658.xyz/rest/getCoverArt.view?id=0533537f-7896-4262-bc83-67b908ec13a1&u=happyghostcat&p=tomyegg123
12-14 13:08:47.377   926   926 D TrackAdapter: Cover load succeeded: https://api.401658.xyz/rest/getCoverArt.view?id=6eec27ac-1088-4423-8cec-5a4346d0d4a0&u=happyghostcat&p=tomyegg123
12-14 13:08:47.377   926  4330 D TrackAdapter: Persisted cover for 305611959: https://api.401658.xyz/rest/getCoverArt.view?id=0533537f-7896-4262-bc83-67b908ec13a1&u=happyghostcat&p=tomyegg123
12-14 13:08:47.378   926  4329 D TrackAdapter: Persisted cover for 424300852: https://api.401658.xyz/rest/getCoverArt.view?id=cfbd0053-b034-45c8-bb23-31c5509ed3ef&u=happyghostcat&p=tomyegg123
12-14 13:08:47.379   926   926 D TrackAdapter: Cover load succeeded: https://api.401658.xyz/rest/getCoverArt.view?id=cd1138aa-57df-49e8-a4c4-8d03bc391fa1&u=happyghostcat&p=tomyegg123
12-14 13:08:47.381   926   926 D TrackAdapter: Cover load succeeded: https://api.401658.xyz/rest/getCoverArt.view?id=0533537f-7896-4262-bc83-67b908ec13a1&u=happyghostcat&p=tomyegg123
12-14 13:08:47.384   926  4332 D TrackAdapter: Persisted cover for 452927248: https://api.401658.xyz/rest/getCoverArt.view?id=cd1138aa-57df-49e8-a4c4-8d03bc391fa1&u=happyghostcat&p=tomyegg123
12-14 13:08:47.384   926  4333 D TrackAdapter: Persisted cover for 305611957: https://api.401658.xyz/rest/getCoverArt.view?id=0533537f-7896-4262-bc83-67b908ec13a1&u=happyghostcat&p=tomyegg123
12-14 13:08:47.386   926  4331 D TrackAdapter: Persisted cover for 466071779: https://api.401658.xyz/rest/getCoverArt.view?id=6eec27ac-1088-4423-8cec-5a4346d0d4a0&u=happyghostcat&p=tomyegg123
12-14 13:08:47.427   926   926 D TrackAdapter: Cover load succeeded: https://api.401658.xyz/rest/getCoverArt.view?id=0533537f-7896-4262-bc83-67b908ec13a1&u=happyghostcat&p=tomyegg123
12-14 13:08:47.429   926  4334 D TrackAdapter: Persisted cover for 305611956: https://api.401658.xyz/rest/getCoverArt.view?id=0533537f-7896-4262-bc83-67b908ec13a1&u=happyghostcat&p=tomyegg123
12-14 13:08:47.487   926   926 D TrackAdapter: Cover load succeeded: https://api.401658.xyz/rest/getCoverArt.view?id=9e1da339-424b-4ce8-89f1-29de0ab53989&u=happyghostcat&p=tomyegg123
12-14 13:08:47.489   926  4335 D TrackAdapter: Persisted cover for 291647003: https://api.401658.xyz/rest/getCoverArt.view?id=9e1da339-424b-4ce8-89f1-29de0ab53989&u=happyghostcat&p=tomyegg123
12-14 13:08:47.539   926   926 D TrackAdapter: Cover load succeeded: https://api.401658.xyz/rest/getCoverArt.view?id=1cdae5cd-0033-4363-8211-6bc935cfe2db&u=happyghostcat&p=tomyegg123
12-14 13:08:47.541   926  4336 D TrackAdapter: Persisted cover for 324065039: https://api.401658.xyz/rest/getCoverArt.view?id=1cdae5cd-0033-4363-8211-6bc935cfe2db&u=happyghostcat&p=tomyegg123
12-14 13:08:47.734   926   926 D TrackAdapter: Cover load succeeded: https://api.401658.xyz/rest/getCoverArt.view?id=4e77e06f-250d-49aa-b4d7-57bd4b86379f&u=happyghostcat&p=tomyegg123
12-14 13:08:47.736   926  4337 D TrackAdapter: Persisted cover for 455738980: https://api.401658.xyz/rest/getCoverArt.view?id=4e77e06f-250d-49aa-b4d7-57bd4b86379f&u=happyghostcat&p=tomyegg123
12-14 13:08:47.736   926   926 D TrackAdapter: Cover load succeeded: https://api.401658.xyz/rest/getCoverArt.view?id=29003303-f015-4374-8574-86aa04dbe90d&u=happyghostcat&p=tomyegg123
12-14 13:08:47.739   926  4338 D TrackAdapter: Persisted cover for 380697219: https://api.401658.xyz/rest/getCoverArt.view?id=29003303-f015-4374-8574-86aa04dbe90d&u=happyghostcat&p=tomyegg123
12-14 13:08:51.642   926   926 D TrackAdapter: Trying cover URL [0/3]: https://api.401658.xyz/rest/getCoverArt.view?id=44bf3160-6dc7-4893-b2f4-a54b91879d86&u=happyghostcat&p=tomyegg123
12-14 13:08:51.644   926   926 D TrackAdapter: Cover load succeeded: https://api.401658.xyz/rest/getCoverArt.view?id=44bf3160-6dc7-4893-b2f4-a54b91879d86&u=happyghostcat&p=tomyegg123
12-14 13:08:51.645   926  4359 D TrackAdapter: Persisted cover for 465846430: https://api.401658.xyz/rest/getCoverArt.view?id=44bf3160-6dc7-4893-b2f4-a54b91879d86&u=happyghostcat&p=tomyegg123
12-14 13:08:51.648   926   926 D TrackAdapter: Trying cover URL [0/3]: https://api.401658.xyz/rest/getCoverArt.view?id=44bf3160-6dc7-4893-b2f4-a54b91879d86&u=happyghostcat&p=tomyegg123
12-14 13:08:51.650   926   926 D TrackAdapter: Cover load succeeded: https://api.401658.xyz/rest/getCoverArt.view?id=44bf3160-6dc7-4893-b2f4-a54b91879d86&u=happyghostcat&p=tomyegg123
12-14 13:08:51.650   926  4360 D TrackAdapter: Persisted cover for 465846431: https://api.401658.xyz/rest/getCoverArt.view?id=44bf3160-6dc7-4893-b2f4-a54b91879d86&u=happyghostcat&p=tomyegg123
12-14 13:08:51.653   926   926 D TrackAdapter: Trying cover URL [0/3]: https://api.401658.xyz/rest/getCoverArt.view?id=44bf3160-6dc7-4893-b2f4-a54b91879d86&u=happyghostcat&p=tomyegg123
12-14 13:08:51.655   926   926 D TrackAdapter: Cover load succeeded: https://api.401658.xyz/rest/getCoverArt.view?id=44bf3160-6dc7-4893-b2f4-a54b91879d86&u=happyghostcat&p=tomyegg123
12-14 13:08:51.655   926  4361 D TrackAdapter: Persisted cover for 465846432: https://api.401658.xyz/rest/getCoverArt.view?id=44bf3160-6dc7-4893-b2f4-a54b91879d86&u=happyghostcat&p=tomyegg123
12-14 13:08:51.658   926   926 D TrackAdapter: Trying cover URL [0/3]: https://api.401658.xyz/rest/getCoverArt.view?id=44bf3160-6dc7-4893-b2f4-a54b91879d86&u=happyghostcat&p=tomyegg123
12-14 13:08:51.660   926   926 D TrackAdapter: Cover load succeeded: https://api.401658.xyz/rest/getCoverArt.view?id=44bf3160-6dc7-4893-b2f4-a54b91879d86&u=happyghostcat&p=tomyegg123
12-14 13:08:51.661   926  4362 D TrackAdapter: Persisted cover for 465846433: https://api.401658.xyz/rest/getCoverArt.view?id=44bf3160-6dc7-4893-b2f4-a54b91879d86&u=happyghostcat&p=tomyegg123
12-14 13:08:51.664   926   926 D TrackAdapter: Trying cover URL [0/3]: https://api.401658.xyz/rest/getCoverArt.view?id=44bf3160-6dc7-4893-b2f4-a54b91879d86&u=happyghostcat&p=tomyegg123
12-14 13:08:51.666   926   926 D TrackAdapter: Cover load succeeded: https://api.401658.xyz/rest/getCoverArt.view?id=44bf3160-6dc7-4893-b2f4-a54b91879d86&u=happyghostcat&p=tomyegg123
12-14 13:08:51.667   926  4363 D TrackAdapter: Persisted cover for 465846434: https://api.401658.xyz/rest/getCoverArt.view?id=44bf3160-6dc7-4893-b2f4-a54b91879d86&u=happyghostcat&p=tomyegg123
12-14 13:08:51.670   926   926 D TrackAdapter: Trying cover URL [0/3]: https://api.401658.xyz/rest/getCoverArt.view?id=44bf3160-6dc7-4893-b2f4-a54b91879d86&u=happyghostcat&p=tomyegg123
12-14 13:08:51.671   926   926 D TrackAdapter: Cover load succeeded: https://api.401658.xyz/rest/getCoverArt.view?id=44bf3160-6dc7-4893-b2f4-a54b91879d86&u=happyghostcat&p=tomyegg123
12-14 13:08:51.672   926  4364 D TrackAdapter: Persisted cover for 465846435: https://api.401658.xyz/rest/getCoverArt.view?id=44bf3160-6dc7-4893-b2f4-a54b91879d86&u=happyghostcat&p=tomyegg123
12-14 13:08:51.675   926   926 D TrackAdapter: Trying cover URL [0/3]: https://api.401658.xyz/rest/getCoverArt.view?id=44bf3160-6dc7-4893-b2f4-a54b91879d86&u=happyghostcat&p=tomyegg123
12-14 13:08:51.677   926   926 D TrackAdapter: Cover load succeeded: https://api.401658.xyz/rest/getCoverArt.view?id=44bf3160-6dc7-4893-b2f4-a54b91879d86&u=happyghostcat&p=tomyegg123
12-14 13:08:51.678   926  4365 D TrackAdapter: Persisted cover for 465846436: https://api.401658.xyz/rest/getCoverArt.view?id=44bf3160-6dc7-4893-b2f4-a54b91879d86&u=happyghostcat&p=tomyegg123
12-14 13:08:51.681   926   926 D TrackAdapter: Trying cover URL [0/3]: https://api.401658.xyz/rest/getCoverArt.view?id=44bf3160-6dc7-4893-b2f4-a54b91879d86&u=happyghostcat&p=tomyegg123
12-14 13:08:51.682   926   926 D TrackAdapter: Cover load succeeded: https://api.401658.xyz/rest/getCoverArt.view?id=44bf3160-6dc7-4893-b2f4-a54b91879d86&u=happyghostcat&p=tomyegg123
12-14 13:08:51.683   926  4366 D TrackAdapter: Persisted cover for 465846437: https://api.401658.xyz/rest/getCoverArt.view?id=44bf3160-6dc7-4893-b2f4-a54b91879d86&u=happyghostcat&p=tomyegg123
12-14 13:08:51.686   926   926 D TrackAdapter: Trying cover URL [0/3]: https://api.401658.xyz/rest/getCoverArt.view?id=44bf3160-6dc7-4893-b2f4-a54b91879d86&u=happyghostcat&p=tomyegg123
12-14 13:08:51.688   926   926 D TrackAdapter: Cover load succeeded: https://api.401658.xyz/rest/getCoverArt.view?id=44bf3160-6dc7-4893-b2f4-a54b91879d86&u=happyghostcat&p=tomyegg123
12-14 13:08:51.688   926  4367 D TrackAdapter: Persisted cover for 465846438: https://api.401658.xyz/rest/getCoverArt.view?id=44bf3160-6dc7-4893-b2f4-a54b91879d86&u=happyghostcat&p=tomyegg123
12-14 13:08:51.692   926   926 D TrackAdapter: Trying cover URL [0/3]: https://api.401658.xyz/rest/getCoverArt.view?id=44bf3160-6dc7-4893-b2f4-a54b91879d86&u=happyghostcat&p=tomyegg123
12-14 13:08:51.693   926   926 D TrackAdapter: Cover load succeeded: https://api.401658.xyz/rest/getCoverArt.view?id=44bf3160-6dc7-4893-b2f4-a54b91879d86&u=happyghostcat&p=tomyegg123
12-14 13:08:51.696   926  4368 D TrackAdapter: Persisted cover for 465846439: https://api.401658.xyz/rest/getCoverArt.view?id=44bf3160-6dc7-4893-b2f4-a54b91879d86&u=happyghostcat&p=tomyegg123
12-14 13:08:51.697   926   926 D TrackAdapter: Trying cover URL [0/3]: https://api.401658.xyz/rest/getCoverArt.view?id=44bf3160-6dc7-4893-b2f4-a54b91879d86&u=happyghostcat&p=tomyegg123
12-14 13:08:51.699   926   926 D TrackAdapter: Cover load succeeded: https://api.401658.xyz/rest/getCoverArt.view?id=44bf3160-6dc7-4893-b2f4-a54b91879d86&u=happyghostcat&p=tomyegg123
12-14 13:08:51.700   926  4369 D TrackAdapter: Persisted cover for 465846440: https://api.401658.xyz/rest/getCoverArt.view?id=44bf3160-6dc7-4893-b2f4-a54b91879d86&u=happyghostcat&p=tomyegg123
12-14 13:08:51.703   926   926 D TrackAdapter: Trying cover URL [0/3]: https://api.401658.xyz/rest/getCoverArt.view?id=44bf3160-6dc7-4893-b2f4-a54b91879d86&u=happyghostcat&p=tomyegg123
12-14 13:08:51.705   926   926 D TrackAdapter: Cover load succeeded: https://api.401658.xyz/rest/getCoverArt.view?id=44bf3160-6dc7-4893-b2f4-a54b91879d86&u=happyghostcat&p=tomyegg123
12-14 13:08:51.706   926  4370 D TrackAdapter: Persisted cover for 465846441: https://api.401658.xyz/rest/getCoverArt.view?id=44bf3160-6dc7-4893-b2f4-a54b91879d86&u=happyghostcat&p=tomyegg123
12-14 13:08:53.995   926   926 D TrackAdapter: Trying cover URL [0/3]: https://api.401658.xyz/rest/getCoverArt.view?id=2da0c04f-6ce8-4e7e-9a95-62fc6ab1a3d8&u=happyghostcat&p=tomyegg123
12-14 13:08:53.996   926   926 D TrackAdapter: Cover load succeeded: https://api.401658.xyz/rest/getCoverArt.view?id=2da0c04f-6ce8-4e7e-9a95-62fc6ab1a3d8&u=happyghostcat&p=tomyegg123
12-14 13:08:53.997   926  4380 D TrackAdapter: Persisted cover for 339362776: https://api.401658.xyz/rest/getCoverArt.view?id=2da0c04f-6ce8-4e7e-9a95-62fc6ab1a3d8&u=happyghostcat&p=tomyegg123
12-14 13:08:54.000   926   926 D TrackAdapter: Trying cover URL [0/3]: https://api.401658.xyz/rest/getCoverArt.view?id=2da0c04f-6ce8-4e7e-9a95-62fc6ab1a3d8&u=happyghostcat&p=tomyegg123
12-14 13:08:54.002   926   926 D TrackAdapter: Cover load succeeded: https://api.401658.xyz/rest/getCoverArt.view?id=2da0c04f-6ce8-4e7e-9a95-62fc6ab1a3d8&u=happyghostcat&p=tomyegg123
12-14 13:08:54.003   926  4381 D TrackAdapter: Persisted cover for 339362781: https://api.401658.xyz/rest/getCoverArt.view?id=2da0c04f-6ce8-4e7e-9a95-62fc6ab1a3d8&u=happyghostcat&p=tomyegg123
12-14 13:08:54.005   926   926 D TrackAdapter: Trying cover URL [0/3]: https://api.401658.xyz/rest/getCoverArt.view?id=2da0c04f-6ce8-4e7e-9a95-62fc6ab1a3d8&u=happyghostcat&p=tomyegg123
12-14 13:08:54.007   926   926 D TrackAdapter: Cover load succeeded: https://api.401658.xyz/rest/getCoverArt.view?id=2da0c04f-6ce8-4e7e-9a95-62fc6ab1a3d8&u=happyghostcat&p=tomyegg123
12-14 13:08:54.008   926  4382 D TrackAdapter: Persisted cover for 339362786: https://api.401658.xyz/rest/getCoverArt.view?id=2da0c04f-6ce8-4e7e-9a95-62fc6ab1a3d8&u=happyghostcat&p=tomyegg123
